NRF24L01.cpp:15:1:NRF24L01::~NRF24L01()	0	static
NRF24L01.cpp:15:1:virtual NRF24L01::~NRF24L01()	8	static
NRF24L01.h:31:7:void NRF24L01::csnLow()	8	static
NRF24L01.h:32:7:void NRF24L01::csnHigh()	8	static
NRF24L01.h:34:7:void NRF24L01::ceLow()	8	static
NRF24L01.cpp:10:1:NRF24L01::NRF24L01()	0	static
NRF24L01.cpp:19:1:NRF24L01::NRF24L01(SPI_HandleTypeDef*, GPIO_TypeDef*, GPIO_TypeDef*, uint16_t, uint16_t)	16	static
NRF24L01.cpp:33:9:uint8_t NRF24L01::readReg(uint8_t)	32	static
NRF24L01.cpp:50:6:void NRF24L01::writeReg(uint8_t, uint8_t*, uint8_t)	24	dynamic
NRF24L01.cpp:46:6:void NRF24L01::writeReg(uint8_t, uint8_t)	16	static
NRF24L01.cpp:62:6:void NRF24L01::config()	16	static
NRF24L01.cpp:82:6:void NRF24L01::modeTX()	16	static
NRF24L01.cpp:91:6:void NRF24L01::modeRX()	16	static
NRF24L01.cpp:100:6:void NRF24L01::sendMessage(char*)	56	static
NRF24L01.cpp:118:6:void NRF24L01::receiveMessage(char*)	24	static
NRF24L01.cpp:132:9:uint8_t NRF24L01::newMessage()	8	static
