../Core/Application/mav/mavlink/checksum.h:34:20:crc_accumulate	24	static
../Core/Application/mav/mavlink/checksum.h:51:20:crc_init	16	static
../Core/Application/mav/mavlink/checksum.h:64:24:crc_calculate	24	static
../Core/Application/mav/mavlink/checksum.h:84:20:crc_accumulate_buffer	32	static
../Core/Application/mav/mavlink/mavlink_helpers.h:17:34:mavlink_get_channel_status	16	static
../Core/Application/mav/mavlink/mavlink_helpers.h:33:35:mavlink_get_channel_buffer	16	static
../Core/Application/mav/mavlink/mavlink_helpers.h:68:25:mavlink_finalize_message_chan	32	static
../Core/Application/mav/mavlink/mavlink_helpers.h:107:25:mavlink_finalize_message	32	static
../Core/Application/mav/mavlink/mavlink_helpers.h:182:25:mavlink_msg_to_send_buffer	24	static
../Core/Application/mav/mavlink/mavlink_helpers.h:204:21:mavlink_start_checksum	24	static
../Core/Application/mav/mavlink/mavlink_helpers.h:212:21:mavlink_update_checksum	24	static
../Core/Application/mav/mavlink/mavlink_helpers.h:233:24:mavlink_frame_char_buffer	32	static
../Core/Application/mav/mavlink/mavlink_helpers.h:459:24:mavlink_frame_char	40	static
../Core/Application/mav/mavlink/mavlink_helpers.h:510:24:mavlink_parse_char	40	static
../Core/Application/mav/mavlink/quadcopter_protocol/mavlink_msg_respond.h:47:24:mavlink_msg_respond_pack	32	static
../Core/Application/mav/mav.c:35:6:mavlink_callback	24	static
../Core/Application/mav/mav.c:50:6:mav_init	8	static
../Core/Application/mav/mav.c:59:6:mav_set_on_mav_recv	16	static
../Core/Application/mav/mav.c:63:6:mav_send	16	static
../Core/Application/mav/mav.c:71:6:mav_send_msg	88	static
../Core/Application/mav/mav.c:77:6:respond_ok	280	static
../Core/Application/mav/mav.c:83:6:respond_error	544	static
