../Core/Src/stm32f4xx_it.c:86:6:NMI_Handler	4	static
../Core/Src/stm32f4xx_it.c:101:6:HardFault_Handler	4	static
../Core/Src/stm32f4xx_it.c:116:6:MemManage_Handler	4	static
../Core/Src/stm32f4xx_it.c:131:6:BusFault_Handler	4	static
../Core/Src/stm32f4xx_it.c:146:6:UsageFault_Handler	4	static
../Core/Src/stm32f4xx_it.c:161:6:SVC_Handler	4	static
../Core/Src/stm32f4xx_it.c:174:6:DebugMon_Handler	4	static
../Core/Src/stm32f4xx_it.c:187:6:PendSV_Handler	4	static
../Core/Src/stm32f4xx_it.c:200:6:SysTick_Handler	8	static
../Core/Src/stm32f4xx_it.c:221:6:DMA1_Stream0_IRQHandler	8	static
../Core/Src/stm32f4xx_it.c:235:6:DMA1_Stream1_IRQHandler	8	static
../Core/Src/stm32f4xx_it.c:249:6:DMA1_Stream2_IRQHandler	8	static
../Core/Src/stm32f4xx_it.c:263:6:DMA1_Stream3_IRQHandler	8	static
../Core/Src/stm32f4xx_it.c:277:6:DMA1_Stream4_IRQHandler	8	static
../Core/Src/stm32f4xx_it.c:291:6:DMA1_Stream5_IRQHandler	8	static
../Core/Src/stm32f4xx_it.c:305:6:DMA1_Stream6_IRQHandler	8	static
../Core/Src/stm32f4xx_it.c:319:6:USART1_IRQHandler	8	static
../Core/Src/stm32f4xx_it.c:333:6:USART2_IRQHandler	8	static
../Core/Src/stm32f4xx_it.c:347:6:USART3_IRQHandler	8	static
../Core/Src/stm32f4xx_it.c:361:6:DMA1_Stream7_IRQHandler	8	static
../Core/Src/stm32f4xx_it.c:375:6:UART4_IRQHandler	8	static
../Core/Src/stm32f4xx_it.c:389:6:UART5_IRQHandler	8	static
../Core/Src/stm32f4xx_it.c:403:6:DMA2_Stream1_IRQHandler	8	static
../Core/Src/stm32f4xx_it.c:417:6:DMA2_Stream2_IRQHandler	8	static
../Core/Src/stm32f4xx_it.c:431:6:DMA2_Stream6_IRQHandler	8	static
../Core/Src/stm32f4xx_it.c:445:6:DMA2_Stream7_IRQHandler	8	static
../Core/Src/stm32f4xx_it.c:459:6:USART6_IRQHandler	8	static
