../Core/Application/sensor/bno055/bno055.c:213:12:bno055_read	32	static
../Core/Application/sensor/bno055/bno055.c:221:12:bno055_write	32	static
../Core/Application/sensor/bno055/bno055.c:227:12:bno055_read_bytes	32	static
../Core/Application/sensor/bno055/bno055.c:242:9:bno055_sys_err	16	static
../Core/Application/sensor/bno055/bno055.c:255:9:bno055_sys_status	16	static
../Core/Application/sensor/bno055/bno055.c:271:6:bno055_set_operation_mode	24	static
../Core/Application/sensor/bno055/bno055.c:329:6:bno055_fusion_data_output_systems	24	static
../Core/Application/sensor/bno055/bno055.c:343:6:bno055_axis_remap_config	24	static
../Core/Application/sensor/bno055/bno055.c:357:6:bno055_axis_remap_sign	24	static
../Core/Application/sensor/bno055/bno055.c:395:5:bno055_calibrations_status	32	static
../Core/Application/sensor/bno055/bno055.c:413:5:bno055_get_calibrations_offset	48	static
../Core/Application/sensor/bno055/bno055.c:431:5:bno055_get_acc_mag_radius	24	static
../Core/Application/sensor/bno055/bno055.c:442:5:bno055_init	16	static
../Core/Application/sensor/bno055/bno055.c:568:5:bno055_test	16	static
../Core/Application/sensor/bno055/bno055.c:585:5:bno055_get_accel_gyro	40	static
../Core/Application/sensor/bno055/bno055.c:605:5:bno055_get_mag	32	static
../Core/Application/sensor/bno055/bno055.c:618:5:bno055__get_temp	24	static
../Core/Application/sensor/bno055/bno055.c:629:5:bno055_get_elu_data	32	static
../Core/Application/sensor/bno055/bno055.c:642:5:bno055_get_qua_data	40	static
../Core/Application/sensor/bno055/bno055.c:656:5:bno055_get_lia_data	32	static
../Core/Application/sensor/bno055/bno055.c:669:5:bno055_get_grv_data	32	static
