Archive member included to satisfy reference by file (symbol)

c:/st/stm32cubeide_1.7.0/stm32cubeide/plugins/com.st.stm32cube.ide.mcu.externaltools.gnu-tools-for-stm32.10.3-2021.10.win32_1.0.0.202111181127/tools/bin/../lib/gcc/arm-none-eabi/10.3.1/../../../../arm-none-eabi/lib/thumb/v7e-m+fp/hard\libc_nano.a(lib_a-errno.o)
                              ./Core/Src/syscalls.o (__errno)
c:/st/stm32cubeide_1.7.0/stm32cubeide/plugins/com.st.stm32cube.ide.mcu.externaltools.gnu-tools-for-stm32.10.3-2021.10.win32_1.0.0.202111181127/tools/bin/../lib/gcc/arm-none-eabi/10.3.1/../../../../arm-none-eabi/lib/thumb/v7e-m+fp/hard\libc_nano.a(lib_a-exit.o)
                              c:/st/stm32cubeide_1.7.0/stm32cubeide/plugins/com.st.stm32cube.ide.mcu.externaltools.gnu-tools-for-stm32.10.3-2021.10.win32_1.0.0.202111181127/tools/bin/../lib/gcc/arm-none-eabi/10.3.1/../../../../arm-none-eabi/lib/thumb/v7e-m+fp/hard/crt0.o (exit)
c:/st/stm32cubeide_1.7.0/stm32cubeide/plugins/com.st.stm32cube.ide.mcu.externaltools.gnu-tools-for-stm32.10.3-2021.10.win32_1.0.0.202111181127/tools/bin/../lib/gcc/arm-none-eabi/10.3.1/../../../../arm-none-eabi/lib/thumb/v7e-m+fp/hard\libc_nano.a(lib_a-impure.o)
                              c:/st/stm32cubeide_1.7.0/stm32cubeide/plugins/com.st.stm32cube.ide.mcu.externaltools.gnu-tools-for-stm32.10.3-2021.10.win32_1.0.0.202111181127/tools/bin/../lib/gcc/arm-none-eabi/10.3.1/../../../../arm-none-eabi/lib/thumb/v7e-m+fp/hard\libc_nano.a(lib_a-exit.o) (_global_impure_ptr)
c:/st/stm32cubeide_1.7.0/stm32cubeide/plugins/com.st.stm32cube.ide.mcu.externaltools.gnu-tools-for-stm32.10.3-2021.10.win32_1.0.0.202111181127/tools/bin/../lib/gcc/arm-none-eabi/10.3.1/../../../../arm-none-eabi/lib/thumb/v7e-m+fp/hard\libc_nano.a(lib_a-init.o)
                              c:/st/stm32cubeide_1.7.0/stm32cubeide/plugins/com.st.stm32cube.ide.mcu.externaltools.gnu-tools-for-stm32.10.3-2021.10.win32_1.0.0.202111181127/tools/bin/../lib/gcc/arm-none-eabi/10.3.1/../../../../arm-none-eabi/lib/thumb/v7e-m+fp/hard/crt0.o (__libc_init_array)
c:/st/stm32cubeide_1.7.0/stm32cubeide/plugins/com.st.stm32cube.ide.mcu.externaltools.gnu-tools-for-stm32.10.3-2021.10.win32_1.0.0.202111181127/tools/bin/../lib/gcc/arm-none-eabi/10.3.1/../../../../arm-none-eabi/lib/thumb/v7e-m+fp/hard\libc_nano.a(lib_a-itoa.o)
                              ./Core/Src/main.o (itoa)
c:/st/stm32cubeide_1.7.0/stm32cubeide/plugins/com.st.stm32cube.ide.mcu.externaltools.gnu-tools-for-stm32.10.3-2021.10.win32_1.0.0.202111181127/tools/bin/../lib/gcc/arm-none-eabi/10.3.1/../../../../arm-none-eabi/lib/thumb/v7e-m+fp/hard\libc_nano.a(lib_a-memcpy-stub.o)
                              ./Core/Application/mav/mav.o (memcpy)
c:/st/stm32cubeide_1.7.0/stm32cubeide/plugins/com.st.stm32cube.ide.mcu.externaltools.gnu-tools-for-stm32.10.3-2021.10.win32_1.0.0.202111181127/tools/bin/../lib/gcc/arm-none-eabi/10.3.1/../../../../arm-none-eabi/lib/thumb/v7e-m+fp/hard\libc_nano.a(lib_a-memset.o)
                              c:/st/stm32cubeide_1.7.0/stm32cubeide/plugins/com.st.stm32cube.ide.mcu.externaltools.gnu-tools-for-stm32.10.3-2021.10.win32_1.0.0.202111181127/tools/bin/../lib/gcc/arm-none-eabi/10.3.1/../../../../arm-none-eabi/lib/thumb/v7e-m+fp/hard/crt0.o (memset)
c:/st/stm32cubeide_1.7.0/stm32cubeide/plugins/com.st.stm32cube.ide.mcu.externaltools.gnu-tools-for-stm32.10.3-2021.10.win32_1.0.0.202111181127/tools/bin/../lib/gcc/arm-none-eabi/10.3.1/../../../../arm-none-eabi/lib/thumb/v7e-m+fp/hard\libc_nano.a(lib_a-strlen.o)
                              ./Core/Application/lcd/fonts.o (strlen)
c:/st/stm32cubeide_1.7.0/stm32cubeide/plugins/com.st.stm32cube.ide.mcu.externaltools.gnu-tools-for-stm32.10.3-2021.10.win32_1.0.0.202111181127/tools/bin/../lib/gcc/arm-none-eabi/10.3.1/../../../../arm-none-eabi/lib/thumb/v7e-m+fp/hard\libc_nano.a(lib_a-utoa.o)
                              c:/st/stm32cubeide_1.7.0/stm32cubeide/plugins/com.st.stm32cube.ide.mcu.externaltools.gnu-tools-for-stm32.10.3-2021.10.win32_1.0.0.202111181127/tools/bin/../lib/gcc/arm-none-eabi/10.3.1/../../../../arm-none-eabi/lib/thumb/v7e-m+fp/hard\libc_nano.a(lib_a-itoa.o) (__utoa)
c:/st/stm32cubeide_1.7.0/stm32cubeide/plugins/com.st.stm32cube.ide.mcu.externaltools.gnu-tools-for-stm32.10.3-2021.10.win32_1.0.0.202111181127/tools/bin/../lib/gcc/arm-none-eabi/10.3.1/../../../../arm-none-eabi/lib/thumb/v7e-m+fp/hard\libm.a(lib_a-w_atan2.o)
                              ./Core/Application/imu/imu.o (atan2)
c:/st/stm32cubeide_1.7.0/stm32cubeide/plugins/com.st.stm32cube.ide.mcu.externaltools.gnu-tools-for-stm32.10.3-2021.10.win32_1.0.0.202111181127/tools/bin/../lib/gcc/arm-none-eabi/10.3.1/../../../../arm-none-eabi/lib/thumb/v7e-m+fp/hard\libm.a(lib_a-w_sqrt.o)
                              ./Core/Application/imu/imu.o (sqrt)
[...]
Memory Configuration

Name             Origin             Length             Attributes
CCMRAM           0x0000000010000000 0x0000000000010000 xrw
RAM              0x0000000020000000 0x0000000000020000 xrw
FLASH            0x0000000008000000 0x0000000000100000 xr
*default*        0x0000000000000000 0xffffffffffffffff

Linker script and memory map

LOAD c:/st/stm32cubeide_1.7.0/stm32cubeide/plugins/com.st.stm32cube.ide.mcu.externaltools.gnu-tools-for-stm32.10.3-2021.10.win32_1.0.0.202111181127/tools/bin/../lib/gcc/arm-none-eabi/10.3.1/thumb/v7e-m+fp/hard/crti.o
LOAD c:/st/stm32cubeide_1.7.0/stm32cubeide/plugins/com.st.stm32cube.ide.mcu.externaltools.gnu-tools-for-stm32.10.3-2021.10.win32_1.0.0.202111181127/tools/bin/../lib/gcc/arm-none-eabi/10.3.1/thumb/v7e-m+fp/hard/crtbegin.o
LOAD c:/st/stm32cubeide_1.7.0/stm32cubeide/plugins/com.st.stm32cube.ide.mcu.externaltools.gnu-tools-for-stm32.10.3-2021.10.win32_1.0.0.202111181127/tools/bin/../lib/gcc/arm-none-eabi/10.3.1/../../../../arm-none-eabi/lib/thumb/v7e-m+fp/hard/crt0.o
LOAD ./Core/Application/Buzzer/buzzer.o
LOAD ./Core/Application/MPC/Rotational_matrix/rotational_matrix.o
LOAD ./Core/Application/eeprom/eeprom.o
LOAD ./Core/Application/imu/imu.o
LOAD ./Core/Application/lcd/fonts.o
LOAD ./Core/Application/lcd/ssd1306.o
LOAD ./Core/Application/lcd/test.o
LOAD ./Core/Application/mav/mav.o
LOAD ./Core/Application/mav/uart/uart.o
LOAD ./Core/Application/mav/utils/circular_buffer/circular_buffer.o
LOAD ./Core/Application/mode/mode_imu/mode_imu.o
LOAD ./Core/Application/mode/mode_state_balancing/mode_state_balancing.o
LOAD ./Core/Application/motor/motor.o
LOAD ./Core/Application/params/params.o
LOAD ./Core/Application/pid/pid.o
LOAD ./Core/Application/sensor/bme680/bme680.o
LOAD ./Core/Application/sensor/bno055/bno055.o
LOAD ./Core/Application/sensor/mpu9250/mpu9250.o
LOAD ./Core/Application/timer/delay_us.o
LOAD ./Core/Application/timer/timer.o
LOAD ./Core/Src/adc.o
LOAD ./Core/Src/app_main.o
LOAD ./Core/Src/can.o
LOAD ./Core/Src/dma.o
LOAD ./Core/Src/gpio.o
LOAD ./Core/Src/i2c.o
LOAD ./Core/Src/main.o
LOAD ./Core/Src/spi.o
LOAD ./Core/Src/stm32f4xx_hal_msp.o
LOAD ./Core/Src/stm32f4xx_hal_timebase_tim.o
LOAD ./Core/Src/stm32f4xx_it.o
LOAD ./Core/Src/syscalls.o
LOAD ./Core/Src/sysmem.o
LOAD ./Core/Src/system_stm32f4xx.o
LOAD ./Core/Src/tim.o
LOAD ./Core/Src/usart.o
LOAD ./Core/Startup/startup_stm32f405rgtx.o
LOAD ./Drivers/STM32F4xx_HAL_Driver/Src/stm32f4xx_hal.o
LOAD ./Drivers/STM32F4xx_HAL_Driver/Src/stm32f4xx_hal_adc.o
LOAD ./Drivers/STM32F4xx_HAL_Driver/Src/stm32f4xx_hal_adc_ex.o
LOAD ./Drivers/STM32F4xx_HAL_Driver/Src/stm32f4xx_hal_can.o
LOAD ./Drivers/STM32F4xx_HAL_Driver/Src/stm32f4xx_hal_cortex.o
LOAD ./Drivers/STM32F4xx_HAL_Driver/Src/stm32f4xx_hal_dma.o
LOAD ./Drivers/STM32F4xx_HAL_Driver/Src/stm32f4xx_hal_dma_ex.o
LOAD ./Drivers/STM32F4xx_HAL_Driver/Src/stm32f4xx_hal_exti.o
LOAD ./Drivers/STM32F4xx_HAL_Driver/Src/stm32f4xx_hal_flash.o
LOAD ./Drivers/STM32F4xx_HAL_Driver/Src/stm32f4xx_hal_flash_ex.o
LOAD ./Drivers/STM32F4xx_HAL_Driver/Src/stm32f4xx_hal_flash_ramfunc.o
LOAD ./Drivers/STM32F4xx_HAL_Driver/Src/stm32f4xx_hal_gpio.o
LOAD ./Drivers/STM32F4xx_HAL_Driver/Src/stm32f4xx_hal_i2c.o
LOAD ./Drivers/STM32F4xx_HAL_Driver/Src/stm32f4xx_hal_i2c_ex.o
LOAD ./Drivers/STM32F4xx_HAL_Driver/Src/stm32f4xx_hal_pwr.o
LOAD ./Drivers/STM32F4xx_HAL_Driver/Src/stm32f4xx_hal_pwr_ex.o
LOAD ./Drivers/STM32F4xx_HAL_Driver/Src/stm32f4xx_hal_rcc.o
LOAD ./Drivers/STM32F4xx_HAL_Driver/Src/stm32f4xx_hal_rcc_ex.o
LOAD ./Drivers/STM32F4xx_HAL_Driver/Src/stm32f4xx_hal_spi.o
LOAD ./Drivers/STM32F4xx_HAL_Driver/Src/stm32f4xx_hal_tim.o
LOAD ./Drivers/STM32F4xx_HAL_Driver/Src/stm32f4xx_hal_tim_ex.o
LOAD ./Drivers/STM32F4xx_HAL_Driver/Src/stm32f4xx_hal_uart.o
LOAD ./Drivers/STM32F4xx_HAL_Driver/Src/stm32f4xx_ll_adc.o
START GROUP
LOAD c:/st/stm32cubeide_1.7.0/stm32cubeide/plugins/com.st.stm32cube.ide.mcu.externaltools.gnu-tools-for-stm32.10.3-2021.10.win32_1.0.0.202111181127/tools/bin/../lib/gcc/arm-none-eabi/10.3.1/../../../../arm-none-eabi/lib/thumb/v7e-m+fp/hard\libc_nano.a
LOAD c:/st/stm32cubeide_1.7.0/stm32cubeide/plugins/com.st.stm32cube.ide.mcu.externaltools.gnu-tools-for-stm32.10.3-2021.10.win32_1.0.0.202111181127/tools/bin/../lib/gcc/arm-none-eabi/10.3.1/../../../../arm-none-eabi/lib/thumb/v7e-m+fp/hard\libm.a
END GROUP
START GROUP
LOAD c:/st/stm32cubeide_1.7.0/stm32cubeide/plugins/com.st.stm32cube.ide.mcu.externaltools.gnu-tools-for-stm32.10.3-2021.10.win32_1.0.0.202111181127/tools/bin/../lib/gcc/arm-none-eabi/10.3.1/thumb/v7e-m+fp/hard\libgcc.a
LOAD c:/st/stm32cubeide_1.7.0/stm32cubeide/plugins/com.st.stm32cube.ide.mcu.externaltools.gnu-tools-for-stm32.10.3-2021.10.win32_1.0.0.202111181127/tools/bin/../lib/gcc/arm-none-eabi/10.3.1/../../../../arm-none-eabi/lib/thumb/v7e-m+fp/hard\libc_nano.a
END GROUP
START GROUP
LOAD c:/st/stm32cubeide_1.7.0/stm32cubeide/plugins/com.st.stm32cube.ide.mcu.externaltools.gnu-tools-for-stm32.10.3-2021.10.win32_1.0.0.202111181127/tools/bin/../lib/gcc/arm-none-eabi/10.3.1/thumb/v7e-m+fp/hard\libgcc.a
LOAD c:/st/stm32cubeide_1.7.0/stm32cubeide/plugins/com.st.stm32cube.ide.mcu.externaltools.gnu-tools-for-stm32.10.3-2021.10.win32_1.0.0.202111181127/tools/bin/../lib/gcc/arm-none-eabi/10.3.1/../../../../arm-none-eabi/lib/thumb/v7e-m+fp/hard\libc_nano.a
LOAD c:/st/stm32cubeide_1.7.0/stm32cubeide/plugins/com.st.stm32cube.ide.mcu.externaltools.gnu-tools-for-stm32.10.3-2021.10.win32_1.0.0.202111181127/tools/bin/../lib/gcc/arm-none-eabi/10.3.1/../../../../arm-none-eabi/lib/thumb/v7e-m+fp/hard\libnosys.a
END GROUP
START GROUP
LOAD c:/st/stm32cubeide_1.7.0/stm32cubeide/plugins/com.st.stm32cube.ide.mcu.externaltools.gnu-tools-for-stm32.10.3-2021.10.win32_1.0.0.202111181127/tools/bin/../lib/gcc/arm-none-eabi/10.3.1/thumb/v7e-m+fp/hard\libgcc.a
LOAD c:/st/stm32cubeide_1.7.0/stm32cubeide/plugins/com.st.stm32cube.ide.mcu.externaltools.gnu-tools-for-stm32.10.3-2021.10.win32_1.0.0.202111181127/tools/bin/../lib/gcc/arm-none-eabi/10.3.1/../../../../arm-none-eabi/lib/thumb/v7e-m+fp/hard\libc_nano.a
LOAD c:/st/stm32cubeide_1.7.0/stm32cubeide/plugins/com.st.stm32cube.ide.mcu.externaltools.gnu-tools-for-stm32.10.3-2021.10.win32_1.0.0.202111181127/tools/bin/../lib/gcc/arm-none-eabi/10.3.1/../../../../arm-none-eabi/lib/thumb/v7e-m+fp/hard\libnosys.a
END GROUP
LOAD c:/st/stm32cubeide_1.7.0/stm32cubeide/plugins/com.st.stm32cube.ide.mcu.externaltools.gnu-tools-for-stm32.10.3-2021.10.win32_1.0.0.202111181127/tools/bin/../lib/gcc/arm-none-eabi/10.3.1/thumb/v7e-m+fp/hard/crtend.o
LOAD c:/st/stm32cubeide_1.7.0/stm32cubeide/plugins/com.st.stm32cube.ide.mcu.externaltools.gnu-tools-for-stm32.10.3-2021.10.win32_1.0.0.202111181127/tools/bin/../lib/gcc/arm-none-eabi/10.3.1/thumb/v7e-m+fp/hard/crtn.o
                0x0000000020020000                _estack = (ORIGIN (RAM) + LENGTH (RAM))
                0x0000000000000200                _Min_Heap_Size = 0x200
                0x0000000000000400                _Min_Stack_Size = 0x400

.isr_vector     0x0000000008000000      0x188
                0x0000000008000000                . = ALIGN (0x4)
 *(.isr_vector)
 .isr_vector    0x0000000008000000      0x188 ./Core/Startup/startup_stm32f405rgtx.o
                0x0000000008000000                g_pfnVectors
                0x0000000008000188                . = ALIGN (0x4)

.text           0x0000000008000188     0x801c
                0x0000000008000188                . = ALIGN (0x4)
 *(.text)
 .text          0x0000000008000188       0x40 c:/st/stm32cubeide_1.7.0/stm32cubeide/plugins/com.st.stm32cube.ide.mcu.externaltools.gnu-tools-for-stm32.10.3-2021.10.win32_1.0.0.202111181127/tools/bin/../lib/gcc/arm-none-eabi/10.3.1/thumb/v7e-m+fp/hard/crtbegin.o
 .text          0x00000000080001c8       0x30 c:/st/stm32cubeide_1.7.0/stm32cubeide/plugins/com.st.stm32cube.ide.mcu.externaltools.gnu-tools-for-stm32.10.3-2021.10.win32_1.0.0.202111181127/tools/bin/../lib/gcc/arm-none-eabi/10.3.1/thumb/v7e-m+fp/hard\libgcc.a(_aeabi_uldivmod.o)
                0x00000000080001c8                __aeabi_uldivmod
 .text          0x00000000080001f8      0x2d0 c:/st/stm32cubeide_1.7.0/stm32cubeide/plugins/com.st.stm32cube.ide.mcu.externaltools.gnu-tools-for-stm32.10.3-2021.10.win32_1.0.0.202111181127/tools/bin/../lib/gcc/arm-none-eabi/10.3.1/thumb/v7e-m+fp/hard\libgcc.a(_udivmoddi4.o)
                0x00000000080001f8                __udivmoddi4
 .text          0x00000000080004c8        0x4 c:/st/stm32cubeide_1.7.0/stm32cubeide/plugins/com.st.stm32cube.ide.mcu.externaltools.gnu-tools-for-stm32.10.3-2021.10.win32_1.0.0.202111181127/tools/bin/../lib/gcc/arm-none-eabi/10.3.1/thumb/v7e-m+fp/hard\libgcc.a(_dvmd_tls.o)
                0x00000000080004c8                __aeabi_idiv0
                0x00000000080004c8                __aeabi_ldiv0
 *(.text*)
 .text.SSD1306_Init
                0x00000000080004cc      0x188 ./Core/Application/lcd/ssd1306.o
                0x00000000080004cc                SSD1306_Init
 .text.SSD1306_UpdateScreen
                0x0000000008000654       0x5c ./Core/Application/lcd/ssd1306.o
                0x0000000008000654                SSD1306_UpdateScreen
 .text.SSD1306_Fill
                0x00000000080006b0       0x30 ./Core/Application/lcd/ssd1306.o
                0x00000000080006b0                SSD1306_Fill
 .text.SSD1306_DrawPixel
                0x00000000080006e0       0xc0 ./Core/Application/lcd/ssd1306.o
                0x00000000080006e0                SSD1306_DrawPixel
 .text.SSD1306_GotoXY
                0x00000000080007a0       0x2c ./Core/Application/lcd/ssd1306.o
                0x00000000080007a0                SSD1306_GotoXY
 .text.SSD1306_Putc
                0x00000000080007cc      0x100 ./Core/Application/lcd/ssd1306.o
                0x00000000080007cc                SSD1306_Putc
 .text.SSD1306_Puts
                0x00000000080008cc       0x4a ./Core/Application/lcd/ssd1306.o
                0x00000000080008cc                SSD1306_Puts
 .text.SSD1306_Clear
                0x0000000008000916       0x12 ./Core/Application/lcd/ssd1306.o
                0x0000000008000916                SSD1306_Clear
 .text.ssd1306_I2C_Init
                0x0000000008000928       0x2c ./Core/Application/lcd/ssd1306.o
                0x0000000008000928                ssd1306_I2C_Init
 .text.ssd1306_I2C_WriteMulti
                0x0000000008000954       0xcc ./Core/Application/lcd/ssd1306.o
                0x0000000008000954                ssd1306_I2C_WriteMulti
 .text.ssd1306_I2C_Write
                0x0000000008000a20       0x3c ./Core/Application/lcd/ssd1306.o
                0x0000000008000a20                ssd1306_I2C_Write
 .text.find_uart_dev_instant
                0x0000000008000a5c       0x48 ./Core/Application/mav/uart/uart.o
 .text.HAL_UART_TxCpltCallback
                0x0000000008000aa4       0x2c ./Core/Application/mav/uart/uart.o
                0x0000000008000aa4                HAL_UART_TxCpltCallback
 .text.HAL_UART_RxCpltCallback
                0x0000000008000ad0       0x98 ./Core/Application/mav/uart/uart.o
                0x0000000008000ad0                HAL_UART_RxCpltCallback
 .text.cbuf_put
                0x0000000008000b68       0x6a ./Core/Application/mav/utils/circular_buffer/circular_buffer.o
                0x0000000008000b68                cbuf_put
 .text.cbuf_full
                0x0000000008000bd2       0x18 ./Core/Application/mav/utils/circular_buffer/circular_buffer.o
                0x0000000008000bd2                cbuf_full
 *fill*         0x0000000008000bea        0x2 
 .text.bno055_write
                0x0000000008000bec       0x40 ./Core/Application/sensor/bno055/bno055.o
 .text.bno055_read_bytes
                0x0000000008000c2c       0x54 ./Core/Application/sensor/bno055/bno055.o
 .text.bno055_get_temp
                0x0000000008000c80       0x5c ./Core/Application/sensor/bno055/bno055.o
                0x0000000008000c80                bno055_get_temp
 .text.bno055_get_elu_data
                0x0000000008000cdc       0xde ./Core/Application/sensor/bno055/bno055.o
                0x0000000008000cdc                bno055_get_elu_data
 *fill*         0x0000000008000dba        0x2 
 .text.MX_ADC1_Init
                0x0000000008000dbc       0xa4 ./Core/Src/adc.o
                0x0000000008000dbc                MX_ADC1_Init
 .text.HAL_ADC_MspInit
                0x0000000008000e60       0x88 ./Core/Src/adc.o
                0x0000000008000e60                HAL_ADC_MspInit
 .text.MX_CAN2_Init
                0x0000000008000ee8       0x68 ./Core/Src/can.o
                0x0000000008000ee8                MX_CAN2_Init
 .text.HAL_CAN_MspInit
                0x0000000008000f50       0xac ./Core/Src/can.o
                0x0000000008000f50                HAL_CAN_MspInit
 .text.MX_DMA_Init
                0x0000000008000ffc      0x10c ./Core/Src/dma.o
                0x0000000008000ffc                MX_DMA_Init
 .text.MX_GPIO_Init
                0x0000000008001108      0x17c ./Core/Src/gpio.o
                0x0000000008001108                MX_GPIO_Init
 .text.MX_I2C1_Init
                0x0000000008001284       0x84 ./Core/Src/i2c.o
                0x0000000008001284                MX_I2C1_Init
 .text.HAL_I2C_MspInit
                0x0000000008001308       0x90 ./Core/Src/i2c.o
                0x0000000008001308                HAL_I2C_MspInit
 .text.main     0x0000000008001398      0x780 ./Core/Src/main.o
                0x0000000008001398                main
 .text.SystemClock_Config
                0x0000000008001b18       0xd4 ./Core/Src/main.o
                0x0000000008001b18                SystemClock_Config
 .text.HAL_TIM_PeriodElapsedCallback
                0x0000000008001bec       0x1e ./Core/Src/main.o
                0x0000000008001bec                HAL_TIM_PeriodElapsedCallback
 .text.Error_Handler
                0x0000000008001c0a        0xa ./Core/Src/main.o
                0x0000000008001c0a                Error_Handler
 .text.MX_SPI1_Init
                0x0000000008001c14       0x6c ./Core/Src/spi.o
                0x0000000008001c14                MX_SPI1_Init
 .text.HAL_SPI_MspInit
                0x0000000008001c80       0x90 ./Core/Src/spi.o
                0x0000000008001c80                HAL_SPI_MspInit
 .text.HAL_MspInit
                0x0000000008001d10       0x50 ./Core/Src/stm32f4xx_hal_msp.o
                0x0000000008001d10                HAL_MspInit
 .text.HAL_InitTick
                0x0000000008001d60       0xf8 ./Core/Src/stm32f4xx_hal_timebase_tim.o
                0x0000000008001d60                HAL_InitTick
 .text.NMI_Handler
                0x0000000008001e58        0x6 ./Core/Src/stm32f4xx_it.o
                0x0000000008001e58                NMI_Handler
 .text.HardFault_Handler
                0x0000000008001e5e        0x6 ./Core/Src/stm32f4xx_it.o
                0x0000000008001e5e                HardFault_Handler
 .text.MemManage_Handler
                0x0000000008001e64        0x6 ./Core/Src/stm32f4xx_it.o
                0x0000000008001e64                MemManage_Handler
 .text.BusFault_Handler
                0x0000000008001e6a        0x6 ./Core/Src/stm32f4xx_it.o
                0x0000000008001e6a                BusFault_Handler
 .text.UsageFault_Handler
                0x0000000008001e70        0x6 ./Core/Src/stm32f4xx_it.o
                0x0000000008001e70                UsageFault_Handler
 .text.SVC_Handler
                0x0000000008001e76        0xe ./Core/Src/stm32f4xx_it.o
                0x0000000008001e76                SVC_Handler
 .text.DebugMon_Handler
                0x0000000008001e84        0xe ./Core/Src/stm32f4xx_it.o
                0x0000000008001e84                DebugMon_Handler
 .text.PendSV_Handler
                0x0000000008001e92        0xe ./Core/Src/stm32f4xx_it.o
                0x0000000008001e92                PendSV_Handler
 .text.SysTick_Handler
                0x0000000008001ea0        0xe ./Core/Src/stm32f4xx_it.o
                0x0000000008001ea0                SysTick_Handler
 *fill*         0x0000000008001eae        0x2 
 .text.DMA1_Stream0_IRQHandler
                0x0000000008001eb0       0x14 ./Core/Src/stm32f4xx_it.o
                0x0000000008001eb0                DMA1_Stream0_IRQHandler
 .text.DMA1_Stream1_IRQHandler
                0x0000000008001ec4       0x14 ./Core/Src/stm32f4xx_it.o
                0x0000000008001ec4                DMA1_Stream1_IRQHandler
 .text.DMA1_Stream2_IRQHandler
                0x0000000008001ed8       0x14 ./Core/Src/stm32f4xx_it.o
                0x0000000008001ed8                DMA1_Stream2_IRQHandler
 .text.DMA1_Stream3_IRQHandler
                0x0000000008001eec       0x14 ./Core/Src/stm32f4xx_it.o
                0x0000000008001eec                DMA1_Stream3_IRQHandler
 .text.DMA1_Stream4_IRQHandler
                0x0000000008001f00       0x14 ./Core/Src/stm32f4xx_it.o
                0x0000000008001f00                DMA1_Stream4_IRQHandler
 .text.DMA1_Stream5_IRQHandler
                0x0000000008001f14       0x14 ./Core/Src/stm32f4xx_it.o
                0x0000000008001f14                DMA1_Stream5_IRQHandler
 .text.DMA1_Stream6_IRQHandler
                0x0000000008001f28       0x14 ./Core/Src/stm32f4xx_it.o
                0x0000000008001f28                DMA1_Stream6_IRQHandler
 .text.TIM2_IRQHandler
                0x0000000008001f3c       0x14 ./Core/Src/stm32f4xx_it.o
                0x0000000008001f3c                TIM2_IRQHandler
 .text.USART1_IRQHandler
                0x0000000008001f50       0x14 ./Core/Src/stm32f4xx_it.o
                0x0000000008001f50                USART1_IRQHandler
 .text.USART2_IRQHandler
                0x0000000008001f64       0x14 ./Core/Src/stm32f4xx_it.o
                0x0000000008001f64                USART2_IRQHandler
 .text.USART3_IRQHandler
                0x0000000008001f78       0x14 ./Core/Src/stm32f4xx_it.o
                0x0000000008001f78                USART3_IRQHandler
 .text.DMA1_Stream7_IRQHandler
                0x0000000008001f8c       0x14 ./Core/Src/stm32f4xx_it.o
                0x0000000008001f8c                DMA1_Stream7_IRQHandler
 .text.UART4_IRQHandler
                0x0000000008001fa0       0x14 ./Core/Src/stm32f4xx_it.o
                0x0000000008001fa0                UART4_IRQHandler
 .text.UART5_IRQHandler
                0x0000000008001fb4       0x14 ./Core/Src/stm32f4xx_it.o
                0x0000000008001fb4                UART5_IRQHandler
 .text.DMA2_Stream1_IRQHandler
                0x0000000008001fc8       0x14 ./Core/Src/stm32f4xx_it.o
                0x0000000008001fc8                DMA2_Stream1_IRQHandler
 .text.DMA2_Stream2_IRQHandler
                0x0000000008001fdc       0x14 ./Core/Src/stm32f4xx_it.o
                0x0000000008001fdc                DMA2_Stream2_IRQHandler
 .text.DMA2_Stream6_IRQHandler
                0x0000000008001ff0       0x14 ./Core/Src/stm32f4xx_it.o
                0x0000000008001ff0                DMA2_Stream6_IRQHandler
 .text.DMA2_Stream7_IRQHandler
                0x0000000008002004       0x14 ./Core/Src/stm32f4xx_it.o
                0x0000000008002004                DMA2_Stream7_IRQHandler
 .text.USART6_IRQHandler
                0x0000000008002018       0x14 ./Core/Src/stm32f4xx_it.o
                0x0000000008002018                USART6_IRQHandler
 .text.SystemInit
                0x000000000800202c       0x24 ./Core/Src/system_stm32f4xx.o
                0x000000000800202c                SystemInit
 .text.MX_TIM1_Init
                0x0000000008002050      0x188 ./Core/Src/tim.o
                0x0000000008002050                MX_TIM1_Init
 .text.MX_TIM3_Init
                0x00000000080021d8       0x9c ./Core/Src/tim.o
                0x00000000080021d8                MX_TIM3_Init
 .text.MX_TIM5_Init
                0x0000000008002274       0x9c ./Core/Src/tim.o
                0x0000000008002274                MX_TIM5_Init
 .text.MX_TIM8_Init
                0x0000000008002310      0x158 ./Core/Src/tim.o
                0x0000000008002310                MX_TIM8_Init
 .text.HAL_TIM_Base_MspInit
                0x0000000008002468       0xc8 ./Core/Src/tim.o
                0x0000000008002468                HAL_TIM_Base_MspInit
 .text.HAL_TIM_MspPostInit
                0x0000000008002530       0xc8 ./Core/Src/tim.o
                0x0000000008002530                HAL_TIM_MspPostInit
 .text.MX_UART4_Init
                0x00000000080025f8       0x54 ./Core/Src/usart.o
                0x00000000080025f8                MX_UART4_Init
 .text.MX_UART5_Init
                0x000000000800264c       0x54 ./Core/Src/usart.o
                0x000000000800264c                MX_UART5_Init
 .text.MX_USART1_UART_Init
                0x00000000080026a0       0x54 ./Core/Src/usart.o
                0x00000000080026a0                MX_USART1_UART_Init
 .text.MX_USART2_UART_Init
                0x00000000080026f4       0x54 ./Core/Src/usart.o
                0x00000000080026f4                MX_USART2_UART_Init
 .text.MX_USART3_UART_Init
                0x0000000008002748       0x54 ./Core/Src/usart.o
                0x0000000008002748                MX_USART3_UART_Init
 .text.MX_USART6_UART_Init
                0x000000000800279c       0x54 ./Core/Src/usart.o
                0x000000000800279c                MX_USART6_UART_Init
 .text.HAL_UART_MspInit
                0x00000000080027f0      0x814 ./Core/Src/usart.o
                0x00000000080027f0                HAL_UART_MspInit
 .text.Reset_Handler
                0x0000000008003004       0x50 ./Core/Startup/startup_stm32f405rgtx.o
                0x0000000008003004                Reset_Handler
 .text.Default_Handler
                0x0000000008003054        0x2 ./Core/Startup/startup_stm32f405rgtx.o
                0x0000000008003054                RTC_Alarm_IRQHandler
                0x0000000008003054                HASH_RNG_IRQHandler
                0x0000000008003054                EXTI2_IRQHandler
                0x0000000008003054                TIM8_CC_IRQHandler
                0x0000000008003054                TIM1_CC_IRQHandler
                0x0000000008003054                DMA2_Stream5_IRQHandler
                0x0000000008003054                PVD_IRQHandler
                0x0000000008003054                SDIO_IRQHandler
                0x0000000008003054                TAMP_STAMP_IRQHandler
                0x0000000008003054                CAN2_RX1_IRQHandler
                0x0000000008003054                EXTI3_IRQHandler
                0x0000000008003054                TIM8_TRG_COM_TIM14_IRQHandler
                0x0000000008003054                TIM1_UP_TIM10_IRQHandler
                0x0000000008003054                TIM8_UP_TIM13_IRQHandler
                0x0000000008003054                I2C3_ER_IRQHandler
                0x0000000008003054                EXTI0_IRQHandler
                0x0000000008003054                I2C2_EV_IRQHandler
                0x0000000008003054                CAN1_RX0_IRQHandler
                0x0000000008003054                FPU_IRQHandler
                0x0000000008003054                OTG_HS_WKUP_IRQHandler
                0x0000000008003054                CAN2_SCE_IRQHandler
                0x0000000008003054                SPI1_IRQHandler
                0x0000000008003054                TIM6_DAC_IRQHandler
                0x0000000008003054                TIM1_BRK_TIM9_IRQHandler
                0x0000000008003054                CAN2_RX0_IRQHandler
                0x0000000008003054                DMA2_Stream3_IRQHandler
                0x0000000008003054                CAN1_RX1_IRQHandler
                0x0000000008003054                DMA2_Stream0_IRQHandler
                0x0000000008003054                TIM4_IRQHandler
                0x0000000008003054                I2C1_EV_IRQHandler
                0x0000000008003054                TIM3_IRQHandler
                0x0000000008003054                RCC_IRQHandler
                0x0000000008003054                TIM8_BRK_TIM12_IRQHandler
                0x0000000008003054                Default_Handler
                0x0000000008003054                EXTI15_10_IRQHandler
                0x0000000008003054                ADC_IRQHandler
                0x0000000008003054                TIM7_IRQHandler
                0x0000000008003054                CAN2_TX_IRQHandler
                0x0000000008003054                TIM5_IRQHandler
                0x0000000008003054                I2C3_EV_IRQHandler
                0x0000000008003054                EXTI9_5_IRQHandler
                0x0000000008003054                RTC_WKUP_IRQHandler
                0x0000000008003054                SPI2_IRQHandler
                0x0000000008003054                OTG_HS_EP1_IN_IRQHandler
                0x0000000008003054                CAN1_TX_IRQHandler
                0x0000000008003054                EXTI4_IRQHandler
                0x0000000008003054                FSMC_IRQHandler
                0x0000000008003054                OTG_HS_EP1_OUT_IRQHandler
                0x0000000008003054                WWDG_IRQHandler
                0x0000000008003054                OTG_FS_WKUP_IRQHandler
                0x0000000008003054                TIM1_TRG_COM_TIM11_IRQHandler
                0x0000000008003054                OTG_HS_IRQHandler
                0x0000000008003054                EXTI1_IRQHandler
                0x0000000008003054                I2C2_ER_IRQHandler
                0x0000000008003054                CAN1_SCE_IRQHandler
                0x0000000008003054                FLASH_IRQHandler
                0x0000000008003054                DMA2_Stream4_IRQHandler
                0x0000000008003054                OTG_FS_IRQHandler
                0x0000000008003054                SPI3_IRQHandler
                0x0000000008003054                I2C1_ER_IRQHandler
 *fill*         0x0000000008003056        0x2 
 .text.HAL_Init
                0x0000000008003058       0x44 ./Drivers/STM32F4xx_HAL_Driver/Src/stm32f4xx_hal.o
                0x0000000008003058                HAL_Init
 .text.HAL_IncTick
                0x000000000800309c       0x28 ./Drivers/STM32F4xx_HAL_Driver/Src/stm32f4xx_hal.o
                0x000000000800309c                HAL_IncTick
 .text.HAL_GetTick
                0x00000000080030c4       0x18 ./Drivers/STM32F4xx_HAL_Driver/Src/stm32f4xx_hal.o
                0x00000000080030c4                HAL_GetTick
 .text.HAL_Delay
                0x00000000080030dc       0x48 ./Drivers/STM32F4xx_HAL_Driver/Src/stm32f4xx_hal.o
                0x00000000080030dc                HAL_Delay
 .text.HAL_ADC_Init
                0x0000000008003124       0x86 ./Drivers/STM32F4xx_HAL_Driver/Src/stm32f4xx_hal_adc.o
                0x0000000008003124                HAL_ADC_Init
 *fill*         0x00000000080031aa        0x2 
 .text.HAL_ADC_ConfigChannel
                0x00000000080031ac      0x244 ./Drivers/STM32F4xx_HAL_Driver/Src/stm32f4xx_hal_adc.o
                0x00000000080031ac                HAL_ADC_ConfigChannel
 .text.ADC_Init
                0x00000000080033f0      0x1f8 ./Drivers/STM32F4xx_HAL_Driver/Src/stm32f4xx_hal_adc.o
 .text.HAL_CAN_Init
                0x00000000080035e8      0x1f6 ./Drivers/STM32F4xx_HAL_Driver/Src/stm32f4xx_hal_can.o
                0x00000000080035e8                HAL_CAN_Init
 *fill*         0x00000000080037de        0x2 
 .text.__NVIC_SetPriorityGrouping
                0x00000000080037e0       0x48 ./Drivers/STM32F4xx_HAL_Driver/Src/stm32f4xx_hal_cortex.o
 .text.__NVIC_GetPriorityGrouping
                0x0000000008003828       0x1c ./Drivers/STM32F4xx_HAL_Driver/Src/stm32f4xx_hal_cortex.o
 .text.__NVIC_EnableIRQ
                0x0000000008003844       0x3c ./Drivers/STM32F4xx_HAL_Driver/Src/stm32f4xx_hal_cortex.o
 .text.__NVIC_SetPriority
                0x0000000008003880       0x54 ./Drivers/STM32F4xx_HAL_Driver/Src/stm32f4xx_hal_cortex.o
 .text.NVIC_EncodePriority
                0x00000000080038d4       0x66 ./Drivers/STM32F4xx_HAL_Driver/Src/stm32f4xx_hal_cortex.o
 .text.HAL_NVIC_SetPriorityGrouping
                0x000000000800393a       0x16 ./Drivers/STM32F4xx_HAL_Driver/Src/stm32f4xx_hal_cortex.o
                0x000000000800393a                HAL_NVIC_SetPriorityGrouping
 .text.HAL_NVIC_SetPriority
                0x0000000008003950       0x38 ./Drivers/STM32F4xx_HAL_Driver/Src/stm32f4xx_hal_cortex.o
                0x0000000008003950                HAL_NVIC_SetPriority
 .text.HAL_NVIC_EnableIRQ
                0x0000000008003988       0x1c ./Drivers/STM32F4xx_HAL_Driver/Src/stm32f4xx_hal_cortex.o
                0x0000000008003988                HAL_NVIC_EnableIRQ
 .text.HAL_DMA_Init
                0x00000000080039a4      0x15c ./Drivers/STM32F4xx_HAL_Driver/Src/stm32f4xx_hal_dma.o
                0x00000000080039a4                HAL_DMA_Init
 .text.HAL_DMA_Abort
                0x0000000008003b00       0xe0 ./Drivers/STM32F4xx_HAL_Driver/Src/stm32f4xx_hal_dma.o
                0x0000000008003b00                HAL_DMA_Abort
 .text.HAL_DMA_Abort_IT
                0x0000000008003be0       0x44 ./Drivers/STM32F4xx_HAL_Driver/Src/stm32f4xx_hal_dma.o
                0x0000000008003be0                HAL_DMA_Abort_IT
 .text.HAL_DMA_IRQHandler
                0x0000000008003c24      0x314 ./Drivers/STM32F4xx_HAL_Driver/Src/stm32f4xx_hal_dma.o
                0x0000000008003c24                HAL_DMA_IRQHandler
 .text.DMA_CalcBaseAndBitshift
                0x0000000008003f38       0x6c ./Drivers/STM32F4xx_HAL_Driver/Src/stm32f4xx_hal_dma.o
 .text.DMA_CheckFifoParam
                0x0000000008003fa4       0xf8 ./Drivers/STM32F4xx_HAL_Driver/Src/stm32f4xx_hal_dma.o
 .text.HAL_GPIO_Init
                0x000000000800409c      0x338 ./Drivers/STM32F4xx_HAL_Driver/Src/stm32f4xx_hal_gpio.o
                0x000000000800409c                HAL_GPIO_Init
 .text.HAL_GPIO_WritePin
                0x00000000080043d4       0x32 ./Drivers/STM32F4xx_HAL_Driver/Src/stm32f4xx_hal_gpio.o
                0x00000000080043d4                HAL_GPIO_WritePin
 .text.HAL_GPIO_TogglePin
                0x0000000008004406       0x34 ./Drivers/STM32F4xx_HAL_Driver/Src/stm32f4xx_hal_gpio.o
                0x0000000008004406                HAL_GPIO_TogglePin
 *fill*         0x000000000800443a        0x2 
 .text.HAL_I2C_Init
                0x000000000800443c      0x288 ./Drivers/STM32F4xx_HAL_Driver/Src/stm32f4xx_hal_i2c.o
                0x000000000800443c                HAL_I2C_Init
 .text.HAL_I2C_Master_Transmit
                0x00000000080046c4      0x1fc ./Drivers/STM32F4xx_HAL_Driver/Src/stm32f4xx_hal_i2c.o
                0x00000000080046c4                HAL_I2C_Master_Transmit
 .text.HAL_I2C_Mem_Write
                0x00000000080048c0      0x1f4 ./Drivers/STM32F4xx_HAL_Driver/Src/stm32f4xx_hal_i2c.o
                0x00000000080048c0                HAL_I2C_Mem_Write
 .text.HAL_I2C_Mem_Read
                0x0000000008004ab4      0x44c ./Drivers/STM32F4xx_HAL_Driver/Src/stm32f4xx_hal_i2c.o
                0x0000000008004ab4                HAL_I2C_Mem_Read
 .text.HAL_I2C_IsDeviceReady
                0x0000000008004f00      0x25c ./Drivers/STM32F4xx_HAL_Driver/Src/stm32f4xx_hal_i2c.o
                0x0000000008004f00                HAL_I2C_IsDeviceReady
 .text.I2C_MasterRequestWrite
                0x000000000800515c      0x104 ./Drivers/STM32F4xx_HAL_Driver/Src/stm32f4xx_hal_i2c.o
 .text.I2C_RequestMemoryWrite
                0x0000000008005260      0x12c ./Drivers/STM32F4xx_HAL_Driver/Src/stm32f4xx_hal_i2c.o
 .text.I2C_RequestMemoryRead
                0x000000000800538c      0x1d0 ./Drivers/STM32F4xx_HAL_Driver/Src/stm32f4xx_hal_i2c.o
 .text.I2C_WaitOnFlagUntilTimeout
                0x000000000800555c       0xae ./Drivers/STM32F4xx_HAL_Driver/Src/stm32f4xx_hal_i2c.o
 .text.I2C_WaitOnMasterAddressFlagUntilTimeout
                0x000000000800560a       0xfe ./Drivers/STM32F4xx_HAL_Driver/Src/stm32f4xx_hal_i2c.o
 .text.I2C_WaitOnTXEFlagUntilTimeout
                0x0000000008005708       0x82 ./Drivers/STM32F4xx_HAL_Driver/Src/stm32f4xx_hal_i2c.o
 .text.I2C_WaitOnBTFFlagUntilTimeout
                0x000000000800578a       0x82 ./Drivers/STM32F4xx_HAL_Driver/Src/stm32f4xx_hal_i2c.o
 .text.I2C_WaitOnRXNEFlagUntilTimeout
                0x000000000800580c       0xac ./Drivers/STM32F4xx_HAL_Driver/Src/stm32f4xx_hal_i2c.o
 .text.I2C_IsAcknowledgeFailed
                0x00000000080058b8       0x5e ./Drivers/STM32F4xx_HAL_Driver/Src/stm32f4xx_hal_i2c.o
 *fill*         0x0000000008005916        0x2 
 .text.HAL_RCC_OscConfig
                0x0000000008005918      0x4f0 ./Drivers/STM32F4xx_HAL_Driver/Src/stm32f4xx_hal_rcc.o
                0x0000000008005918                HAL_RCC_OscConfig
 .text.HAL_RCC_ClockConfig
                0x0000000008005e08      0x1cc ./Drivers/STM32F4xx_HAL_Driver/Src/stm32f4xx_hal_rcc.o
                0x0000000008005e08                HAL_RCC_ClockConfig
 .text.HAL_RCC_GetSysClockFreq
                0x0000000008005fd4      0x18c ./Drivers/STM32F4xx_HAL_Driver/Src/stm32f4xx_hal_rcc.o
                0x0000000008005fd4                HAL_RCC_GetSysClockFreq
 .text.HAL_RCC_GetHCLKFreq
                0x0000000008006160       0x18 ./Drivers/STM32F4xx_HAL_Driver/Src/stm32f4xx_hal_rcc.o
                0x0000000008006160                HAL_RCC_GetHCLKFreq
 .text.HAL_RCC_GetPCLK1Freq
                0x0000000008006178       0x28 ./Drivers/STM32F4xx_HAL_Driver/Src/stm32f4xx_hal_rcc.o
                0x0000000008006178                HAL_RCC_GetPCLK1Freq
 .text.HAL_RCC_GetPCLK2Freq
                0x00000000080061a0       0x28 ./Drivers/STM32F4xx_HAL_Driver/Src/stm32f4xx_hal_rcc.o
                0x00000000080061a0                HAL_RCC_GetPCLK2Freq
 .text.HAL_RCC_GetClockConfig
                0x00000000080061c8       0x64 ./Drivers/STM32F4xx_HAL_Driver/Src/stm32f4xx_hal_rcc.o
                0x00000000080061c8                HAL_RCC_GetClockConfig
 .text.HAL_SPI_Init
                0x000000000800622c      0x112 ./Drivers/STM32F4xx_HAL_Driver/Src/stm32f4xx_hal_spi.o
                0x000000000800622c                HAL_SPI_Init
 .text.HAL_TIM_Base_Init
                0x000000000800633e       0x9e ./Drivers/STM32F4xx_HAL_Driver/Src/stm32f4xx_hal_tim.o
                0x000000000800633e                HAL_TIM_Base_Init
 .text.HAL_TIM_Base_Start_IT
                0x00000000080063dc       0xe0 ./Drivers/STM32F4xx_HAL_Driver/Src/stm32f4xx_hal_tim.o
                0x00000000080063dc                HAL_TIM_Base_Start_IT
 .text.HAL_TIM_PWM_Init
                0x00000000080064bc       0x9e ./Drivers/STM32F4xx_HAL_Driver/Src/stm32f4xx_hal_tim.o
                0x00000000080064bc                HAL_TIM_PWM_Init
 .text.HAL_TIM_PWM_MspInit
                0x000000000800655a       0x14 ./Drivers/STM32F4xx_HAL_Driver/Src/stm32f4xx_hal_tim.o
                0x000000000800655a                HAL_TIM_PWM_MspInit
 .text.HAL_TIM_IRQHandler
                0x000000000800656e      0x210 ./Drivers/STM32F4xx_HAL_Driver/Src/stm32f4xx_hal_tim.o
                0x000000000800656e                HAL_TIM_IRQHandler
 *fill*         0x000000000800677e        0x2 
 .text.HAL_TIM_PWM_ConfigChannel
                0x0000000008006780      0x184 ./Drivers/STM32F4xx_HAL_Driver/Src/stm32f4xx_hal_tim.o
                0x0000000008006780                HAL_TIM_PWM_ConfigChannel
 .text.HAL_TIM_ConfigClockSource
                0x0000000008006904      0x18e ./Drivers/STM32F4xx_HAL_Driver/Src/stm32f4xx_hal_tim.o
                0x0000000008006904                HAL_TIM_ConfigClockSource
 .text.HAL_TIM_OC_DelayElapsedCallback
                0x0000000008006a92       0x14 ./Drivers/STM32F4xx_HAL_Driver/Src/stm32f4xx_hal_tim.o
                0x0000000008006a92                HAL_TIM_OC_DelayElapsedCallback
 .text.HAL_TIM_IC_CaptureCallback
                0x0000000008006aa6       0x14 ./Drivers/STM32F4xx_HAL_Driver/Src/stm32f4xx_hal_tim.o
                0x0000000008006aa6                HAL_TIM_IC_CaptureCallback
 .text.HAL_TIM_PWM_PulseFinishedCallback
                0x0000000008006aba       0x14 ./Drivers/STM32F4xx_HAL_Driver/Src/stm32f4xx_hal_tim.o
                0x0000000008006aba                HAL_TIM_PWM_PulseFinishedCallback
 .text.HAL_TIM_TriggerCallback
                0x0000000008006ace       0x14 ./Drivers/STM32F4xx_HAL_Driver/Src/stm32f4xx_hal_tim.o
                0x0000000008006ace                HAL_TIM_TriggerCallback
 *fill*         0x0000000008006ae2        0x2 
 .text.TIM_Base_SetConfig
                0x0000000008006ae4      0x140 ./Drivers/STM32F4xx_HAL_Driver/Src/stm32f4xx_hal_tim.o
                0x0000000008006ae4                TIM_Base_SetConfig
 .text.TIM_OC1_SetConfig
                0x0000000008006c24       0xe0 ./Drivers/STM32F4xx_HAL_Driver/Src/stm32f4xx_hal_tim.o
 .text.TIM_OC2_SetConfig
                0x0000000008006d04       0xec ./Drivers/STM32F4xx_HAL_Driver/Src/stm32f4xx_hal_tim.o
                0x0000000008006d04                TIM_OC2_SetConfig
 .text.TIM_OC3_SetConfig
                0x0000000008006df0       0xe8 ./Drivers/STM32F4xx_HAL_Driver/Src/stm32f4xx_hal_tim.o
 .text.TIM_OC4_SetConfig
                0x0000000008006ed8       0xac ./Drivers/STM32F4xx_HAL_Driver/Src/stm32f4xx_hal_tim.o
 .text.TIM_TI1_ConfigInputStage
                0x0000000008006f84       0x5e ./Drivers/STM32F4xx_HAL_Driver/Src/stm32f4xx_hal_tim.o
 .text.TIM_TI2_ConfigInputStage
                0x0000000008006fe2       0x60 ./Drivers/STM32F4xx_HAL_Driver/Src/stm32f4xx_hal_tim.o
 .text.TIM_ITRx_SetConfig
                0x0000000008007042       0x36 ./Drivers/STM32F4xx_HAL_Driver/Src/stm32f4xx_hal_tim.o
 .text.TIM_ETR_SetConfig
                0x0000000008007078       0x40 ./Drivers/STM32F4xx_HAL_Driver/Src/stm32f4xx_hal_tim.o
                0x0000000008007078                TIM_ETR_SetConfig
 .text.HAL_TIMEx_MasterConfigSynchronization
                0x00000000080070b8       0xf8 ./Drivers/STM32F4xx_HAL_Driver/Src/stm32f4xx_hal_tim_ex.o
                0x00000000080070b8                HAL_TIMEx_MasterConfigSynchronization
 .text.HAL_TIMEx_ConfigBreakDeadTime
                0x00000000080071b0       0xa4 ./Drivers/STM32F4xx_HAL_Driver/Src/stm32f4xx_hal_tim_ex.o
                0x00000000080071b0                HAL_TIMEx_ConfigBreakDeadTime
 .text.HAL_TIMEx_CommutCallback
                0x0000000008007254       0x14 ./Drivers/STM32F4xx_HAL_Driver/Src/stm32f4xx_hal_tim_ex.o
                0x0000000008007254                HAL_TIMEx_CommutCallback
 .text.HAL_TIMEx_BreakCallback
                0x0000000008007268       0x14 ./Drivers/STM32F4xx_HAL_Driver/Src/stm32f4xx_hal_tim_ex.o
                0x0000000008007268                HAL_TIMEx_BreakCallback
 .text.HAL_UART_Init
                0x000000000800727c       0x9a ./Drivers/STM32F4xx_HAL_Driver/Src/stm32f4xx_hal_uart.o
                0x000000000800727c                HAL_UART_Init
 *fill*         0x0000000008007316        0x2 
 .text.HAL_UART_IRQHandler
                0x0000000008007318      0x51c ./Drivers/STM32F4xx_HAL_Driver/Src/stm32f4xx_hal_uart.o
                0x0000000008007318                HAL_UART_IRQHandler
 .text.HAL_UART_ErrorCallback
                0x0000000008007834       0x14 ./Drivers/STM32F4xx_HAL_Driver/Src/stm32f4xx_hal_uart.o
                0x0000000008007834                HAL_UART_ErrorCallback
 .text.HAL_UARTEx_RxEventCallback
                0x0000000008007848       0x18 ./Drivers/STM32F4xx_HAL_Driver/Src/stm32f4xx_hal_uart.o
                0x0000000008007848                HAL_UARTEx_RxEventCallback
 .text.UART_EndRxTransfer
                0x0000000008007860       0xc6 ./Drivers/STM32F4xx_HAL_Driver/Src/stm32f4xx_hal_uart.o
 .text.UART_DMAAbortOnError
                0x0000000008007926       0x28 ./Drivers/STM32F4xx_HAL_Driver/Src/stm32f4xx_hal_uart.o
 .text.UART_Transmit_IT
                0x000000000800794e       0xa0 ./Drivers/STM32F4xx_HAL_Driver/Src/stm32f4xx_hal_uart.o
 .text.UART_EndTransmit_IT
                0x00000000080079ee       0x30 ./Drivers/STM32F4xx_HAL_Driver/Src/stm32f4xx_hal_uart.o
 .text.UART_Receive_IT
                0x0000000008007a1e      0x176 ./Drivers/STM32F4xx_HAL_Driver/Src/stm32f4xx_hal_uart.o
 .text.UART_SetConfig
                0x0000000008007b94      0x4e8 ./Drivers/STM32F4xx_HAL_Driver/Src/stm32f4xx_hal_uart.o
 .text.__libc_init_array
                0x000000000800807c       0x48 c:/st/stm32cubeide_1.7.0/stm32cubeide/plugins/com.st.stm32cube.ide.mcu.externaltools.gnu-tools-for-stm32.10.3-2021.10.win32_1.0.0.202111181127/tools/bin/../lib/gcc/arm-none-eabi/10.3.1/../../../../arm-none-eabi/lib/thumb/v7e-m+fp/hard\libc_nano.a(lib_a-init.o)
                0x000000000800807c                __libc_init_array
 .text.__itoa   0x00000000080080c4       0x30 c:/st/stm32cubeide_1.7.0/stm32cubeide/plugins/com.st.stm32cube.ide.mcu.externaltools.gnu-tools-for-stm32.10.3-2021.10.win32_1.0.0.202111181127/tools/bin/../lib/gcc/arm-none-eabi/10.3.1/../../../../arm-none-eabi/lib/thumb/v7e-m+fp/hard\libc_nano.a(lib_a-itoa.o)
                0x00000000080080c4                __itoa
 .text.itoa     0x00000000080080f4        0x4 c:/st/stm32cubeide_1.7.0/stm32cubeide/plugins/com.st.stm32cube.ide.mcu.externaltools.gnu-tools-for-stm32.10.3-2021.10.win32_1.0.0.202111181127/tools/bin/../lib/gcc/arm-none-eabi/10.3.1/../../../../arm-none-eabi/lib/thumb/v7e-m+fp/hard\libc_nano.a(lib_a-itoa.o)
                0x00000000080080f4                itoa
 .text.memset   0x00000000080080f8       0x10 c:/st/stm32cubeide_1.7.0/stm32cubeide/plugins/com.st.stm32cube.ide.mcu.externaltools.gnu-tools-for-stm32.10.3-2021.10.win32_1.0.0.202111181127/tools/bin/../lib/gcc/arm-none-eabi/10.3.1/../../../../arm-none-eabi/lib/thumb/v7e-m+fp/hard\libc_nano.a(lib_a-memset.o)
                0x00000000080080f8                memset
 .text.__utoa   0x0000000008008108       0x84 c:/st/stm32cubeide_1.7.0/stm32cubeide/plugins/com.st.stm32cube.ide.mcu.externaltools.gnu-tools-for-stm32.10.3-2021.10.win32_1.0.0.202111181127/tools/bin/../lib/gcc/arm-none-eabi/10.3.1/../../../../arm-none-eabi/lib/thumb/v7e-m+fp/hard\libc_nano.a(lib_a-utoa.o)
                0x0000000008008108                __utoa
 *(.glue_7)
 .glue_7        0x000000000800818c        0x0 linker stubs
 *(.glue_7t)
 .glue_7t       0x000000000800818c        0x0 linker stubs
 *(.eh_frame)
 .eh_frame      0x000000000800818c        0x0 c:/st/stm32cubeide_1.7.0/stm32cubeide/plugins/com.st.stm32cube.ide.mcu.externaltools.gnu-tools-for-stm32.10.3-2021.10.win32_1.0.0.202111181127/tools/bin/../lib/gcc/arm-none-eabi/10.3.1/thumb/v7e-m+fp/hard/crtbegin.o
 *(.init)
 .init          0x000000000800818c        0x4 c:/st/stm32cubeide_1.7.0/stm32cubeide/plugins/com.st.stm32cube.ide.mcu.externaltools.gnu-tools-for-stm32.10.3-2021.10.win32_1.0.0.202111181127/tools/bin/../lib/gcc/arm-none-eabi/10.3.1/thumb/v7e-m+fp/hard/crti.o
                0x000000000800818c                _init
 .init          0x0000000008008190        0x8 c:/st/stm32cubeide_1.7.0/stm32cubeide/plugins/com.st.stm32cube.ide.mcu.externaltools.gnu-tools-for-stm32.10.3-2021.10.win32_1.0.0.202111181127/tools/bin/../lib/gcc/arm-none-eabi/10.3.1/thumb/v7e-m+fp/hard/crtn.o
 *(.fini)
 .fini          0x0000000008008198        0x4 c:/st/stm32cubeide_1.7.0/stm32cubeide/plugins/com.st.stm32cube.ide.mcu.externaltools.gnu-tools-for-stm32.10.3-2021.10.win32_1.0.0.202111181127/tools/bin/../lib/gcc/arm-none-eabi/10.3.1/thumb/v7e-m+fp/hard/crti.o
                0x0000000008008198                _fini
 .fini          0x000000000800819c        0x8 c:/st/stm32cubeide_1.7.0/stm32cubeide/plugins/com.st.stm32cube.ide.mcu.externaltools.gnu-tools-for-stm32.10.3-2021.10.win32_1.0.0.202111181127/tools/bin/../lib/gcc/arm-none-eabi/10.3.1/thumb/v7e-m+fp/hard/crtn.o
                0x00000000080081a4                . = ALIGN (0x4)
                0x00000000080081a4                _etext = .

.vfp11_veneer   0x00000000080081a4        0x0
 .vfp11_veneer  0x00000000080081a4        0x0 linker stubs

.v4_bx          0x00000000080081a4        0x0
 .v4_bx         0x00000000080081a4        0x0 linker stubs

.iplt           0x00000000080081a4        0x0
 .iplt          0x00000000080081a4        0x0 c:/st/stm32cubeide_1.7.0/stm32cubeide/plugins/com.st.stm32cube.ide.mcu.externaltools.gnu-tools-for-stm32.10.3-2021.10.win32_1.0.0.202111181127/tools/bin/../lib/gcc/arm-none-eabi/10.3.1/thumb/v7e-m+fp/hard/crtbegin.o

.rodata         0x00000000080081a4     0x2110
                0x00000000080081a4                . = ALIGN (0x4)
 *(.rodata)
 .rodata        0x00000000080081a4       0x1e ./Core/Src/main.o
 *(.rodata*)
 *fill*         0x00000000080081c2        0x2 
 .rodata.Font11x18
                0x00000000080081c4      0xd5c ./Core/Application/lcd/fonts.o
                0x00000000080081c4                Font11x18
 .rodata.Font16x26
                0x0000000008008f20     0x134c ./Core/Application/lcd/fonts.o
                0x0000000008008f20                Font16x26
 .rodata.AHBPrescTable
                0x000000000800a26c       0x10 ./Core/Src/system_stm32f4xx.o
                0x000000000800a26c                AHBPrescTable
 .rodata.APBPrescTable
                0x000000000800a27c        0x8 ./Core/Src/system_stm32f4xx.o
                0x000000000800a27c                APBPrescTable
 .rodata.flagBitshiftOffset.0
                0x000000000800a284        0x8 ./Drivers/STM32F4xx_HAL_Driver/Src/stm32f4xx_hal_dma.o
 .rodata.__utoa.str1.1
                0x000000000800a28c       0x25 c:/st/stm32cubeide_1.7.0/stm32cubeide/plugins/com.st.stm32cube.ide.mcu.externaltools.gnu-tools-for-stm32.10.3-2021.10.win32_1.0.0.202111181127/tools/bin/../lib/gcc/arm-none-eabi/10.3.1/../../../../arm-none-eabi/lib/thumb/v7e-m+fp/hard\libc_nano.a(lib_a-utoa.o)
                0x000000000800a2b4                . = ALIGN (0x4)
 *fill*         0x000000000800a2b1        0x3 

.ARM.extab      0x000000000800a2b4        0x0
                0x000000000800a2b4                . = ALIGN (0x4)
 *(.ARM.extab* .gnu.linkonce.armextab.*)
                0x000000000800a2b4                . = ALIGN (0x4)

.ARM            0x000000000800a2b4        0x8
                0x000000000800a2b4                . = ALIGN (0x4)
                0x000000000800a2b4                __exidx_start = .
 *(.ARM.exidx*)
 .ARM.exidx     0x000000000800a2b4        0x8 c:/st/stm32cubeide_1.7.0/stm32cubeide/plugins/com.st.stm32cube.ide.mcu.externaltools.gnu-tools-for-stm32.10.3-2021.10.win32_1.0.0.202111181127/tools/bin/../lib/gcc/arm-none-eabi/10.3.1/thumb/v7e-m+fp/hard\libgcc.a(_udivmoddi4.o)
                0x000000000800a2bc                __exidx_end = .
                0x000000000800a2bc                . = ALIGN (0x4)

.rel.dyn        0x000000000800a2bc        0x0
 .rel.iplt      0x000000000800a2bc        0x0 c:/st/stm32cubeide_1.7.0/stm32cubeide/plugins/com.st.stm32cube.ide.mcu.externaltools.gnu-tools-for-stm32.10.3-2021.10.win32_1.0.0.202111181127/tools/bin/../lib/gcc/arm-none-eabi/10.3.1/thumb/v7e-m+fp/hard/crtbegin.o

.preinit_array  0x000000000800a2bc        0x0
                0x000000000800a2bc                . = ALIGN (0x4)
                0x000000000800a2bc                PROVIDE (__preinit_array_start = .)
 *(.preinit_array*)
                0x000000000800a2bc                PROVIDE (__preinit_array_end = .)
                0x000000000800a2bc                . = ALIGN (0x4)

.init_array     0x000000000800a2bc        0x4
                0x000000000800a2bc                . = ALIGN (0x4)
                0x000000000800a2bc                PROVIDE (__init_array_start = .)
 *(SORT_BY_NAME(.init_array.*))
 *(.init_array*)
 .init_array    0x000000000800a2bc        0x4 c:/st/stm32cubeide_1.7.0/stm32cubeide/plugins/com.st.stm32cube.ide.mcu.externaltools.gnu-tools-for-stm32.10.3-2021.10.win32_1.0.0.202111181127/tools/bin/../lib/gcc/arm-none-eabi/10.3.1/thumb/v7e-m+fp/hard/crtbegin.o
                0x000000000800a2c0                PROVIDE (__init_array_end = .)
                0x000000000800a2c0                . = ALIGN (0x4)

.fini_array     0x000000000800a2c0        0x4
                0x000000000800a2c0                . = ALIGN (0x4)
                [!provide]                        PROVIDE (__fini_array_start = .)
 *(SORT_BY_NAME(.fini_array.*))
 *(.fini_array*)
 .fini_array    0x000000000800a2c0        0x4 c:/st/stm32cubeide_1.7.0/stm32cubeide/plugins/com.st.stm32cube.ide.mcu.externaltools.gnu-tools-for-stm32.10.3-2021.10.win32_1.0.0.202111181127/tools/bin/../lib/gcc/arm-none-eabi/10.3.1/thumb/v7e-m+fp/hard/crtbegin.o
                [!provide]                        PROVIDE (__fini_array_end = .)
                0x000000000800a2c4                . = ALIGN (0x4)
                0x000000000800a2c4                _sidata = LOADADDR (.data)

.data           0x0000000020000000       0x1c load address 0x000000000800a2c4
                0x0000000020000000                . = ALIGN (0x4)
                0x0000000020000000                _sdata = .
 *(.data)
 *(.data*)
 .data.Font_11x18
                0x0000000020000000        0x8 ./Core/Application/lcd/fonts.o
                0x0000000020000000                Font_11x18
 .data.Font_16x26
                0x0000000020000008        0x8 ./Core/Application/lcd/fonts.o
                0x0000000020000008                Font_16x26
 .data.SystemCoreClock
                0x0000000020000010        0x4 ./Core/Src/system_stm32f4xx.o
                0x0000000020000010                SystemCoreClock
 .data.uwTickPrio
                0x0000000020000014        0x4 ./Drivers/STM32F4xx_HAL_Driver/Src/stm32f4xx_hal.o
                0x0000000020000014                uwTickPrio
 .data.uwTickFreq
                0x0000000020000018        0x1 ./Drivers/STM32F4xx_HAL_Driver/Src/stm32f4xx_hal.o
                0x0000000020000018                uwTickFreq
 *(.RamFunc)
 *(.RamFunc*)
                0x000000002000001c                . = ALIGN (0x4)
 *fill*         0x0000000020000019        0x3 
                0x000000002000001c                _edata = .
                0x000000000800a2e0                _siccmram = LOADADDR (.ccmram)

.igot.plt       0x000000002000001c        0x0 load address 0x000000000800a2e0
 .igot.plt      0x000000002000001c        0x0 c:/st/stm32cubeide_1.7.0/stm32cubeide/plugins/com.st.stm32cube.ide.mcu.externaltools.gnu-tools-for-stm32.10.3-2021.10.win32_1.0.0.202111181127/tools/bin/../lib/gcc/arm-none-eabi/10.3.1/thumb/v7e-m+fp/hard/crtbegin.o

.ccmram         0x0000000010000000        0x0 load address 0x000000000800a2e0
                0x0000000010000000                . = ALIGN (0x4)
                0x0000000010000000                _sccmram = .
 *(.ccmram)
 *(.ccmram*)
                0x0000000010000000                . = ALIGN (0x4)
                0x0000000010000000                _eccmram = .
                0x0000000010000000                . = ALIGN (0x4)

.bss            0x000000002000001c      0xce4
                0x000000002000001c                _sbss = .
                0x000000002000001c                __bss_start__ = _sbss
 *(.bss)
 .bss           0x000000002000001c       0x1c c:/st/stm32cubeide_1.7.0/stm32cubeide/plugins/com.st.stm32cube.ide.mcu.externaltools.gnu-tools-for-stm32.10.3-2021.10.win32_1.0.0.202111181127/tools/bin/../lib/gcc/arm-none-eabi/10.3.1/thumb/v7e-m+fp/hard/crtbegin.o
 *(.bss*)
 .bss.SSD1306_Buffer
                0x0000000020000038      0x400 ./Core/Application/lcd/ssd1306.o
 .bss.SSD1306   0x0000000020000438        0x6 ./Core/Application/lcd/ssd1306.o
 *fill*         0x000000002000043e        0x2 
 .bss.uart_drvs
                0x0000000020000440        0xc ./Core/Application/mav/uart/uart.o
 .bss.hadc1     0x000000002000044c       0x48 ./Core/Src/adc.o
                0x000000002000044c                hadc1
 .bss.hcan2     0x0000000020000494       0x28 ./Core/Src/can.o
                0x0000000020000494                hcan2
 .bss.hi2c1     0x00000000200004bc       0x54 ./Core/Src/i2c.o
                0x00000000200004bc                hi2c1
 .bss.tmp       0x0000000020000510        0x1 ./Core/Src/main.o
                0x0000000020000510                tmp
 .bss.i         0x0000000020000511        0x1 ./Core/Src/main.o
                0x0000000020000511                i
 .bss.j         0x0000000020000512        0x1 ./Core/Src/main.o
                0x0000000020000512                j
 .bss.member    0x0000000020000513        0x1 ./Core/Src/main.o
                0x0000000020000513                member
 .bss.temp      0x0000000020000514        0x4 ./Core/Src/main.o
                0x0000000020000514                temp
 .bss.roll      0x0000000020000518        0x4 ./Core/Src/main.o
                0x0000000020000518                roll
 .bss.pitch     0x000000002000051c        0x4 ./Core/Src/main.o
                0x000000002000051c                pitch
 .bss.yaw       0x0000000020000520        0x4 ./Core/Src/main.o
                0x0000000020000520                yaw
 .bss.hspi1     0x0000000020000524       0x58 ./Core/Src/spi.o
                0x0000000020000524                hspi1
 .bss.htim2     0x000000002000057c       0x48 ./Core/Src/stm32f4xx_hal_timebase_tim.o
                0x000000002000057c                htim2
 .bss.htim1     0x00000000200005c4       0x48 ./Core/Src/tim.o
                0x00000000200005c4                htim1
 .bss.htim3     0x000000002000060c       0x48 ./Core/Src/tim.o
                0x000000002000060c                htim3
 .bss.htim5     0x0000000020000654       0x48 ./Core/Src/tim.o
                0x0000000020000654                htim5
 .bss.htim8     0x000000002000069c       0x48 ./Core/Src/tim.o
                0x000000002000069c                htim8
 .bss.huart4    0x00000000200006e4       0x44 ./Core/Src/usart.o
                0x00000000200006e4                huart4
 .bss.huart5    0x0000000020000728       0x44 ./Core/Src/usart.o
                0x0000000020000728                huart5
 .bss.huart1    0x000000002000076c       0x44 ./Core/Src/usart.o
                0x000000002000076c                huart1
 .bss.huart2    0x00000000200007b0       0x44 ./Core/Src/usart.o
                0x00000000200007b0                huart2
 .bss.huart3    0x00000000200007f4       0x44 ./Core/Src/usart.o
                0x00000000200007f4                huart3
 .bss.huart6    0x0000000020000838       0x44 ./Core/Src/usart.o
                0x0000000020000838                huart6
 .bss.hdma_uart4_rx
                0x000000002000087c       0x60 ./Core/Src/usart.o
                0x000000002000087c                hdma_uart4_rx
 .bss.hdma_uart4_tx
                0x00000000200008dc       0x60 ./Core/Src/usart.o
                0x00000000200008dc                hdma_uart4_tx
 .bss.hdma_uart5_rx
                0x000000002000093c       0x60 ./Core/Src/usart.o
                0x000000002000093c                hdma_uart5_rx
 .bss.hdma_uart5_tx
                0x000000002000099c       0x60 ./Core/Src/usart.o
                0x000000002000099c                hdma_uart5_tx
 .bss.hdma_usart1_rx
                0x00000000200009fc       0x60 ./Core/Src/usart.o
                0x00000000200009fc                hdma_usart1_rx
 .bss.hdma_usart1_tx
                0x0000000020000a5c       0x60 ./Core/Src/usart.o
                0x0000000020000a5c                hdma_usart1_tx
 .bss.hdma_usart2_rx
                0x0000000020000abc       0x60 ./Core/Src/usart.o
                0x0000000020000abc                hdma_usart2_rx
 .bss.hdma_usart2_tx
                0x0000000020000b1c       0x60 ./Core/Src/usart.o
                0x0000000020000b1c                hdma_usart2_tx
 .bss.hdma_usart3_rx
                0x0000000020000b7c       0x60 ./Core/Src/usart.o
                0x0000000020000b7c                hdma_usart3_rx
 .bss.hdma_usart3_tx
                0x0000000020000bdc       0x60 ./Core/Src/usart.o
                0x0000000020000bdc                hdma_usart3_tx
 .bss.hdma_usart6_rx
                0x0000000020000c3c       0x60 ./Core/Src/usart.o
                0x0000000020000c3c                hdma_usart6_rx
 .bss.hdma_usart6_tx
                0x0000000020000c9c       0x60 ./Core/Src/usart.o
                0x0000000020000c9c                hdma_usart6_tx
 .bss.uwTick    0x0000000020000cfc        0x4 ./Drivers/STM32F4xx_HAL_Driver/Src/stm32f4xx_hal.o
                0x0000000020000cfc                uwTick
 *(COMMON)
                0x0000000020000d00                . = ALIGN (0x4)
                0x0000000020000d00                _ebss = .
                0x0000000020000d00                __bss_end__ = _ebss

._user_heap_stack
                0x0000000020000d00      0x600
                0x0000000020000d00                . = ALIGN (0x8)
                [!provide]                        PROVIDE (end = .)
                0x0000000020000d00                PROVIDE (_end = .)
                0x0000000020000f00                . = (. + _Min_Heap_Size)
 *fill*         0x0000000020000d00      0x200 
                0x0000000020001300                . = (. + _Min_Stack_Size)
 *fill*         0x0000000020000f00      0x400 
                0x0000000020001300                . = ALIGN (0x8)

/DISCARD/
 libc.a(*)
 libm.a(*)
 libgcc.a(*)

.ARM.attributes
                0x0000000000000000       0x30
 *(.ARM.attributes)
 .ARM.attributes
                0x0000000000000000       0x1e c:/st/stm32cubeide_1.7.0/stm32cubeide/plugins/com.st.stm32cube.ide.mcu.externaltools.gnu-tools-for-stm32.10.3-2021.10.win32_1.0.0.202111181127/tools/bin/../lib/gcc/arm-none-eabi/10.3.1/thumb/v7e-m+fp/hard/crti.o
 .ARM.attributes
                0x000000000000001e       0x34 c:/st/stm32cubeide_1.7.0/stm32cubeide/plugins/com.st.stm32cube.ide.mcu.externaltools.gnu-tools-for-stm32.10.3-2021.10.win32_1.0.0.202111181127/tools/bin/../lib/gcc/arm-none-eabi/10.3.1/thumb/v7e-m+fp/hard/crtbegin.o
 .ARM.attributes
                0x0000000000000052       0x34 ./Core/Application/lcd/fonts.o
 .ARM.attributes
                0x0000000000000086       0x34 ./Core/Application/lcd/ssd1306.o
 .ARM.attributes
                0x00000000000000ba       0x34 ./Core/Application/mav/uart/uart.o
 .ARM.attributes
                0x00000000000000ee       0x34 ./Core/Application/mav/utils/circular_buffer/circular_buffer.o
 .ARM.attributes
                0x0000000000000122       0x34 ./Core/Application/sensor/bno055/bno055.o
 .ARM.attributes
                0x0000000000000156       0x34 ./Core/Src/adc.o
 .ARM.attributes
                0x000000000000018a       0x34 ./Core/Src/can.o
 .ARM.attributes
                0x00000000000001be       0x34 ./Core/Src/dma.o
 .ARM.attributes
                0x00000000000001f2       0x34 ./Core/Src/gpio.o
 .ARM.attributes
                0x0000000000000226       0x34 ./Core/Src/i2c.o
 .ARM.attributes
                0x000000000000025a       0x34 ./Core/Src/main.o
 .ARM.attributes
                0x000000000000028e       0x34 ./Core/Src/spi.o
 .ARM.attributes
                0x00000000000002c2       0x34 ./Core/Src/stm32f4xx_hal_msp.o
 .ARM.attributes
                0x00000000000002f6       0x34 ./Core/Src/stm32f4xx_hal_timebase_tim.o
 .ARM.attributes
                0x000000000000032a       0x34 ./Core/Src/stm32f4xx_it.o
 .ARM.attributes
                0x000000000000035e       0x34 ./Core/Src/system_stm32f4xx.o
 .ARM.attributes
                0x0000000000000392       0x34 ./Core/Src/tim.o
 .ARM.attributes
                0x00000000000003c6       0x34 ./Core/Src/usart.o
 .ARM.attributes
                0x00000000000003fa       0x21 ./Core/Startup/startup_stm32f405rgtx.o
 .ARM.attributes
                0x000000000000041b       0x34 ./Drivers/STM32F4xx_HAL_Driver/Src/stm32f4xx_hal.o
 .ARM.attributes
                0x000000000000044f       0x34 ./Drivers/STM32F4xx_HAL_Driver/Src/stm32f4xx_hal_adc.o
 .ARM.attributes
                0x0000000000000483       0x34 ./Drivers/STM32F4xx_HAL_Driver/Src/stm32f4xx_hal_can.o
 .ARM.attributes
                0x00000000000004b7       0x34 ./Drivers/STM32F4xx_HAL_Driver/Src/stm32f4xx_hal_cortex.o
 .ARM.attributes
                0x00000000000004eb       0x34 ./Drivers/STM32F4xx_HAL_Driver/Src/stm32f4xx_hal_dma.o
 .ARM.attributes
                0x000000000000051f       0x34 ./Drivers/STM32F4xx_HAL_Driver/Src/stm32f4xx_hal_gpio.o
 .ARM.attributes
                0x0000000000000553       0x34 ./Drivers/STM32F4xx_HAL_Driver/Src/stm32f4xx_hal_i2c.o
 .ARM.attributes
                0x0000000000000587       0x34 ./Drivers/STM32F4xx_HAL_Driver/Src/stm32f4xx_hal_rcc.o
 .ARM.attributes
                0x00000000000005bb       0x34 ./Drivers/STM32F4xx_HAL_Driver/Src/stm32f4xx_hal_spi.o
 .ARM.attributes
                0x00000000000005ef       0x34 ./Drivers/STM32F4xx_HAL_Driver/Src/stm32f4xx_hal_tim.o
 .ARM.attributes
                0x0000000000000623       0x34 ./Drivers/STM32F4xx_HAL_Driver/Src/stm32f4xx_hal_tim_ex.o
 .ARM.attributes
                0x0000000000000657       0x34 ./Drivers/STM32F4xx_HAL_Driver/Src/stm32f4xx_hal_uart.o
 .ARM.attributes
                0x000000000000068b       0x34 c:/st/stm32cubeide_1.7.0/stm32cubeide/plugins/com.st.stm32cube.ide.mcu.externaltools.gnu-tools-for-stm32.10.3-2021.10.win32_1.0.0.202111181127/tools/bin/../lib/gcc/arm-none-eabi/10.3.1/../../../../arm-none-eabi/lib/thumb/v7e-m+fp/hard\libc_nano.a(lib_a-init.o)
 .ARM.attributes
                0x00000000000006bf       0x34 c:/st/stm32cubeide_1.7.0/stm32cubeide/plugins/com.st.stm32cube.ide.mcu.externaltools.gnu-tools-for-stm32.10.3-2021.10.win32_1.0.0.202111181127/tools/bin/../lib/gcc/arm-none-eabi/10.3.1/../../../../arm-none-eabi/lib/thumb/v7e-m+fp/hard\libc_nano.a(lib_a-itoa.o)
 .ARM.attributes
                0x00000000000006f3       0x34 c:/st/stm32cubeide_1.7.0/stm32cubeide/plugins/com.st.stm32cube.ide.mcu.externaltools.gnu-tools-for-stm32.10.3-2021.10.win32_1.0.0.202111181127/tools/bin/../lib/gcc/arm-none-eabi/10.3.1/../../../../arm-none-eabi/lib/thumb/v7e-m+fp/hard\libc_nano.a(lib_a-memset.o)
 .ARM.attributes
                0x0000000000000727       0x34 c:/st/stm32cubeide_1.7.0/stm32cubeide/plugins/com.st.stm32cube.ide.mcu.externaltools.gnu-tools-for-stm32.10.3-2021.10.win32_1.0.0.202111181127/tools/bin/../lib/gcc/arm-none-eabi/10.3.1/../../../../arm-none-eabi/lib/thumb/v7e-m+fp/hard\libc_nano.a(lib_a-utoa.o)
 .ARM.attributes
                0x000000000000075b       0x1e c:/st/stm32cubeide_1.7.0/stm32cubeide/plugins/com.st.stm32cube.ide.mcu.externaltools.gnu-tools-for-stm32.10.3-2021.10.win32_1.0.0.202111181127/tools/bin/../lib/gcc/arm-none-eabi/10.3.1/thumb/v7e-m+fp/hard\libgcc.a(_aeabi_uldivmod.o)
 .ARM.attributes
                0x0000000000000779       0x34 c:/st/stm32cubeide_1.7.0/stm32cubeide/plugins/com.st.stm32cube.ide.mcu.externaltools.gnu-tools-for-stm32.10.3-2021.10.win32_1.0.0.202111181127/tools/bin/../lib/gcc/arm-none-eabi/10.3.1/thumb/v7e-m+fp/hard\libgcc.a(_udivmoddi4.o)
 .ARM.attributes
                0x00000000000007ad       0x1e c:/st/stm32cubeide_1.7.0/stm32cubeide/plugins/com.st.stm32cube.ide.mcu.externaltools.gnu-tools-for-stm32.10.3-2021.10.win32_1.0.0.202111181127/tools/bin/../lib/gcc/arm-none-eabi/10.3.1/thumb/v7e-m+fp/hard\libgcc.a(_dvmd_tls.o)
 .ARM.attributes
                0x00000000000007cb       0x1e c:/st/stm32cubeide_1.7.0/stm32cubeide/plugins/com.st.stm32cube.ide.mcu.externaltools.gnu-tools-for-stm32.10.3-2021.10.win32_1.0.0.202111181127/tools/bin/../lib/gcc/arm-none-eabi/10.3.1/thumb/v7e-m+fp/hard/crtn.o
OUTPUT(Drone.elf elf32-littlearm)
LOAD linker stubs
LOAD c:/st/stm32cubeide_1.7.0/stm32cubeide/plugins/com.st.stm32cube.ide.mcu.externaltools.gnu-tools-for-stm32.10.3-2021.10.win32_1.0.0.202111181127/tools/bin/../lib/gcc/arm-none-eabi/10.3.1/../../../../arm-none-eabi/lib/thumb/v7e-m+fp/hard\libc.a
LOAD c:/st/stm32cubeide_1.7.0/stm32cubeide/plugins/com.st.stm32cube.ide.mcu.externaltools.gnu-tools-for-stm32.10.3-2021.10.win32_1.0.0.202111181127/tools/bin/../lib/gcc/arm-none-eabi/10.3.1/../../../../arm-none-eabi/lib/thumb/v7e-m+fp/hard\libm.a
LOAD c:/st/stm32cubeide_1.7.0/stm32cubeide/plugins/com.st.stm32cube.ide.mcu.externaltools.gnu-tools-for-stm32.10.3-2021.10.win32_1.0.0.202111181127/tools/bin/../lib/gcc/arm-none-eabi/10.3.1/thumb/v7e-m+fp/hard\libgcc.a

.debug_info     0x0000000000000000    0x1ba8c
 .debug_info    0x0000000000000000      0x27a ./Core/Application/lcd/fonts.o
 .debug_info    0x000000000000027a     0x115f ./Core/Application/lcd/ssd1306.o
 .debug_info    0x00000000000013d9      0xc82 ./Core/Application/mav/uart/uart.o
 .debug_info    0x000000000000205b      0x277 ./Core/Application/mav/utils/circular_buffer/circular_buffer.o
 .debug_info    0x00000000000022d2     0x1401 ./Core/Application/sensor/bno055/bno055.o
 .debug_info    0x00000000000036d3      0xa29 ./Core/Src/adc.o
 .debug_info    0x00000000000040fc      0x8d6 ./Core/Src/can.o
 .debug_info    0x00000000000049d2      0x4f7 ./Core/Src/dma.o
 .debug_info    0x0000000000004ec9      0x489 ./Core/Src/gpio.o
 .debug_info    0x0000000000005352      0xa28 ./Core/Src/i2c.o
 .debug_info    0x0000000000005d7a     0x15c8 ./Core/Src/main.o
 .debug_info    0x0000000000007342      0x9eb ./Core/Src/spi.o
 .debug_info    0x0000000000007d2d      0x2a8 ./Core/Src/stm32f4xx_hal_msp.o
 .debug_info    0x0000000000007fd5      0xc39 ./Core/Src/stm32f4xx_hal_timebase_tim.o
 .debug_info    0x0000000000008c0e      0xbf9 ./Core/Src/stm32f4xx_it.o
 .debug_info    0x0000000000009807      0x523 ./Core/Src/system_stm32f4xx.o
 .debug_info    0x0000000000009d2a      0xe8e ./Core/Src/tim.o
 .debug_info    0x000000000000abb8      0xf35 ./Core/Src/usart.o
 .debug_info    0x000000000000baed       0x22 ./Core/Startup/startup_stm32f405rgtx.o
 .debug_info    0x000000000000bb0f      0x96a ./Drivers/STM32F4xx_HAL_Driver/Src/stm32f4xx_hal.o
 .debug_info    0x000000000000c479      0xd70 ./Drivers/STM32F4xx_HAL_Driver/Src/stm32f4xx_hal_adc.o
 .debug_info    0x000000000000d1e9      0xfc0 ./Drivers/STM32F4xx_HAL_Driver/Src/stm32f4xx_hal_can.o
 .debug_info    0x000000000000e1a9      0xe09 ./Drivers/STM32F4xx_HAL_Driver/Src/stm32f4xx_hal_cortex.o
 .debug_info    0x000000000000efb2      0x94f ./Drivers/STM32F4xx_HAL_Driver/Src/stm32f4xx_hal_dma.o
 .debug_info    0x000000000000f901      0x76a ./Drivers/STM32F4xx_HAL_Driver/Src/stm32f4xx_hal_gpio.o
 .debug_info    0x000000000001006b     0x2609 ./Drivers/STM32F4xx_HAL_Driver/Src/stm32f4xx_hal_i2c.o
 .debug_info    0x0000000000012674      0x966 ./Drivers/STM32F4xx_HAL_Driver/Src/stm32f4xx_hal_rcc.o
 .debug_info    0x0000000000012fda     0x1758 ./Drivers/STM32F4xx_HAL_Driver/Src/stm32f4xx_hal_spi.o
 .debug_info    0x0000000000014732     0x2bbe ./Drivers/STM32F4xx_HAL_Driver/Src/stm32f4xx_hal_tim.o
 .debug_info    0x00000000000172f0     0x15e0 ./Drivers/STM32F4xx_HAL_Driver/Src/stm32f4xx_hal_tim_ex.o
 .debug_info    0x00000000000188d0     0x31bc ./Drivers/STM32F4xx_HAL_Driver/Src/stm32f4xx_hal_uart.o

.debug_abbrev   0x0000000000000000     0x3dba
 .debug_abbrev  0x0000000000000000      0x111 ./Core/Application/lcd/fonts.o
 .debug_abbrev  0x0000000000000111      0x2f8 ./Core/Application/lcd/ssd1306.o
 .debug_abbrev  0x0000000000000409      0x247 ./Core/Application/mav/uart/uart.o
 .debug_abbrev  0x0000000000000650      0x10a ./Core/Application/mav/utils/circular_buffer/circular_buffer.o
 .debug_abbrev  0x000000000000075a      0x2a6 ./Core/Application/sensor/bno055/bno055.o
 .debug_abbrev  0x0000000000000a00      0x1e0 ./Core/Src/adc.o
 .debug_abbrev  0x0000000000000be0      0x201 ./Core/Src/can.o
 .debug_abbrev  0x0000000000000de1      0x115 ./Core/Src/dma.o
 .debug_abbrev  0x0000000000000ef6      0x146 ./Core/Src/gpio.o
 .debug_abbrev  0x000000000000103c      0x1e0 ./Core/Src/i2c.o
 .debug_abbrev  0x000000000000121c      0x2b0 ./Core/Src/main.o
 .debug_abbrev  0x00000000000014cc      0x1e0 ./Core/Src/spi.o
 .debug_abbrev  0x00000000000016ac       0xd4 ./Core/Src/stm32f4xx_hal_msp.o
 .debug_abbrev  0x0000000000001780      0x1e6 ./Core/Src/stm32f4xx_hal_timebase_tim.o
 .debug_abbrev  0x0000000000001966      0x192 ./Core/Src/stm32f4xx_it.o
 .debug_abbrev  0x0000000000001af8      0x116 ./Core/Src/system_stm32f4xx.o
 .debug_abbrev  0x0000000000001c0e      0x23c ./Core/Src/tim.o
 .debug_abbrev  0x0000000000001e4a      0x256 ./Core/Src/usart.o
 .debug_abbrev  0x00000000000020a0       0x12 ./Core/Startup/startup_stm32f405rgtx.o
 .debug_abbrev  0x00000000000020b2      0x20d ./Drivers/STM32F4xx_HAL_Driver/Src/stm32f4xx_hal.o
 .debug_abbrev  0x00000000000022bf      0x244 ./Drivers/STM32F4xx_HAL_Driver/Src/stm32f4xx_hal_adc.o
 .debug_abbrev  0x0000000000002503      0x21d ./Drivers/STM32F4xx_HAL_Driver/Src/stm32f4xx_hal_can.o
 .debug_abbrev  0x0000000000002720      0x316 ./Drivers/STM32F4xx_HAL_Driver/Src/stm32f4xx_hal_cortex.o
 .debug_abbrev  0x0000000000002a36      0x25b ./Drivers/STM32F4xx_HAL_Driver/Src/stm32f4xx_hal_dma.o
 .debug_abbrev  0x0000000000002c91      0x1c4 ./Drivers/STM32F4xx_HAL_Driver/Src/stm32f4xx_hal_gpio.o
 .debug_abbrev  0x0000000000002e55      0x297 ./Drivers/STM32F4xx_HAL_Driver/Src/stm32f4xx_hal_i2c.o
 .debug_abbrev  0x00000000000030ec      0x2aa ./Drivers/STM32F4xx_HAL_Driver/Src/stm32f4xx_hal_rcc.o
 .debug_abbrev  0x0000000000003396      0x26e ./Drivers/STM32F4xx_HAL_Driver/Src/stm32f4xx_hal_spi.o
 .debug_abbrev  0x0000000000003604      0x25d ./Drivers/STM32F4xx_HAL_Driver/Src/stm32f4xx_hal_tim.o
 .debug_abbrev  0x0000000000003861      0x265 ./Drivers/STM32F4xx_HAL_Driver/Src/stm32f4xx_hal_tim_ex.o
 .debug_abbrev  0x0000000000003ac6      0x2f4 ./Drivers/STM32F4xx_HAL_Driver/Src/stm32f4xx_hal_uart.o

.debug_aranges  0x0000000000000000     0x1770
 .debug_aranges
                0x0000000000000000       0x20 ./Core/Application/lcd/fonts.o
 .debug_aranges
                0x0000000000000020       0xf8 ./Core/Application/lcd/ssd1306.o
 .debug_aranges
                0x0000000000000118       0x90 ./Core/Application/mav/uart/uart.o
 .debug_aranges
                0x00000000000001a8       0x50 ./Core/Application/mav/utils/circular_buffer/circular_buffer.o
 .debug_aranges
                0x00000000000001f8       0xc0 ./Core/Application/sensor/bno055/bno055.o
 .debug_aranges
                0x00000000000002b8       0x30 ./Core/Src/adc.o
 .debug_aranges
                0x00000000000002e8       0x30 ./Core/Src/can.o
 .debug_aranges
                0x0000000000000318       0x20 ./Core/Src/dma.o
 .debug_aranges
                0x0000000000000338       0x20 ./Core/Src/gpio.o
 .debug_aranges
                0x0000000000000358       0x30 ./Core/Src/i2c.o
 .debug_aranges
                0x0000000000000388       0x38 ./Core/Src/main.o
 .debug_aranges
                0x00000000000003c0       0x30 ./Core/Src/spi.o
 .debug_aranges
                0x00000000000003f0       0x20 ./Core/Src/stm32f4xx_hal_msp.o
 .debug_aranges
                0x0000000000000410       0x30 ./Core/Src/stm32f4xx_hal_timebase_tim.o
 .debug_aranges
                0x0000000000000440       0xf8 ./Core/Src/stm32f4xx_it.o
 .debug_aranges
                0x0000000000000538       0x28 ./Core/Src/system_stm32f4xx.o
 .debug_aranges
                0x0000000000000560       0x50 ./Core/Src/tim.o
 .debug_aranges
                0x00000000000005b0       0x58 ./Core/Src/usart.o
 .debug_aranges
                0x0000000000000608       0x28 ./Core/Startup/startup_stm32f405rgtx.o
 .debug_aranges
                0x0000000000000630       0xf0 ./Drivers/STM32F4xx_HAL_Driver/Src/stm32f4xx_hal.o
 .debug_aranges
                0x0000000000000720       0xe8 ./Drivers/STM32F4xx_HAL_Driver/Src/stm32f4xx_hal_adc.o
 .debug_aranges
                0x0000000000000808      0x138 ./Drivers/STM32F4xx_HAL_Driver/Src/stm32f4xx_hal_can.o
 .debug_aranges
                0x0000000000000940      0x118 ./Drivers/STM32F4xx_HAL_Driver/Src/stm32f4xx_hal_cortex.o
 .debug_aranges
                0x0000000000000a58       0x90 ./Drivers/STM32F4xx_HAL_Driver/Src/stm32f4xx_hal_dma.o
 .debug_aranges
                0x0000000000000ae8       0x58 ./Drivers/STM32F4xx_HAL_Driver/Src/stm32f4xx_hal_gpio.o
 .debug_aranges
                0x0000000000000b40      0x2a0 ./Drivers/STM32F4xx_HAL_Driver/Src/stm32f4xx_hal_i2c.o
 .debug_aranges
                0x0000000000000de0       0x88 ./Drivers/STM32F4xx_HAL_Driver/Src/stm32f4xx_hal_rcc.o
 .debug_aranges
                0x0000000000000e68      0x1d0 ./Drivers/STM32F4xx_HAL_Driver/Src/stm32f4xx_hal_spi.o
 .debug_aranges
                0x0000000000001038      0x3d0 ./Drivers/STM32F4xx_HAL_Driver/Src/stm32f4xx_hal_tim.o
 .debug_aranges
                0x0000000000001408      0x168 ./Drivers/STM32F4xx_HAL_Driver/Src/stm32f4xx_hal_tim_ex.o
 .debug_aranges
                0x0000000000001570      0x200 ./Drivers/STM32F4xx_HAL_Driver/Src/stm32f4xx_hal_uart.o

.debug_ranges   0x0000000000000000     0x15d0
 .debug_ranges  0x0000000000000000       0x10 ./Core/Application/lcd/fonts.o
 .debug_ranges  0x0000000000000010       0xe8 ./Core/Application/lcd/ssd1306.o
 .debug_ranges  0x00000000000000f8       0x80 ./Core/Application/mav/uart/uart.o
 .debug_ranges  0x0000000000000178       0x40 ./Core/Application/mav/utils/circular_buffer/circular_buffer.o
 .debug_ranges  0x00000000000001b8       0xb0 ./Core/Application/sensor/bno055/bno055.o
 .debug_ranges  0x0000000000000268       0x20 ./Core/Src/adc.o
 .debug_ranges  0x0000000000000288       0x20 ./Core/Src/can.o
 .debug_ranges  0x00000000000002a8       0x10 ./Core/Src/dma.o
 .debug_ranges  0x00000000000002b8       0x10 ./Core/Src/gpio.o
 .debug_ranges  0x00000000000002c8       0x20 ./Core/Src/i2c.o
 .debug_ranges  0x00000000000002e8       0x28 ./Core/Src/main.o
 .debug_ranges  0x0000000000000310       0x20 ./Core/Src/spi.o
 .debug_ranges  0x0000000000000330       0x10 ./Core/Src/stm32f4xx_hal_msp.o
 .debug_ranges  0x0000000000000340       0x20 ./Core/Src/stm32f4xx_hal_timebase_tim.o
 .debug_ranges  0x0000000000000360       0xe8 ./Core/Src/stm32f4xx_it.o
 .debug_ranges  0x0000000000000448       0x18 ./Core/Src/system_stm32f4xx.o
 .debug_ranges  0x0000000000000460       0x40 ./Core/Src/tim.o
 .debug_ranges  0x00000000000004a0       0x48 ./Core/Src/usart.o
 .debug_ranges  0x00000000000004e8       0x20 ./Core/Startup/startup_stm32f405rgtx.o
 .debug_ranges  0x0000000000000508       0xe0 ./Drivers/STM32F4xx_HAL_Driver/Src/stm32f4xx_hal.o
 .debug_ranges  0x00000000000005e8       0xd8 ./Drivers/STM32F4xx_HAL_Driver/Src/stm32f4xx_hal_adc.o
 .debug_ranges  0x00000000000006c0      0x128 ./Drivers/STM32F4xx_HAL_Driver/Src/stm32f4xx_hal_can.o
 .debug_ranges  0x00000000000007e8      0x108 ./Drivers/STM32F4xx_HAL_Driver/Src/stm32f4xx_hal_cortex.o
 .debug_ranges  0x00000000000008f0       0x80 ./Drivers/STM32F4xx_HAL_Driver/Src/stm32f4xx_hal_dma.o
 .debug_ranges  0x0000000000000970       0x48 ./Drivers/STM32F4xx_HAL_Driver/Src/stm32f4xx_hal_gpio.o
 .debug_ranges  0x00000000000009b8      0x2a8 ./Drivers/STM32F4xx_HAL_Driver/Src/stm32f4xx_hal_i2c.o
 .debug_ranges  0x0000000000000c60       0x78 ./Drivers/STM32F4xx_HAL_Driver/Src/stm32f4xx_hal_rcc.o
 .debug_ranges  0x0000000000000cd8      0x1c0 ./Drivers/STM32F4xx_HAL_Driver/Src/stm32f4xx_hal_spi.o
 .debug_ranges  0x0000000000000e98      0x3c0 ./Drivers/STM32F4xx_HAL_Driver/Src/stm32f4xx_hal_tim.o
 .debug_ranges  0x0000000000001258      0x158 ./Drivers/STM32F4xx_HAL_Driver/Src/stm32f4xx_hal_tim_ex.o
 .debug_ranges  0x00000000000013b0      0x220 ./Drivers/STM32F4xx_HAL_Driver/Src/stm32f4xx_hal_uart.o

.debug_macro    0x0000000000000000     0x50fc
 .debug_macro   0x0000000000000000      0x2fc ./Core/Application/lcd/fonts.o
 .debug_macro   0x00000000000002fc       0x10 ./Core/Application/lcd/fonts.o
 .debug_macro   0x000000000000030c       0x35 ./Core/Application/lcd/fonts.o
 .debug_macro   0x0000000000000341       0x20 ./Core/Application/lcd/fonts.o
 .debug_macro   0x0000000000000361      0x3f9 ./Core/Application/lcd/ssd1306.o
 .debug_macro   0x000000000000075a       0x16 ./Core/Application/lcd/ssd1306.o
 .debug_macro   0x0000000000000770       0x16 ./Core/Application/lcd/ssd1306.o
 .debug_macro   0x0000000000000786       0x29 ./Core/Application/lcd/ssd1306.o
 .debug_macro   0x00000000000007af      0x1f6 ./Core/Application/lcd/ssd1306.o
 .debug_macro   0x00000000000009a5       0x1d ./Core/Application/lcd/ssd1306.o
 .debug_macro   0x00000000000009c2      0x45b ./Core/Application/mav/uart/uart.o
 .debug_macro   0x0000000000000e1d       0x10 ./Core/Application/mav/uart/uart.o
 .debug_macro   0x0000000000000e2d       0x16 ./Core/Application/mav/uart/uart.o
 .debug_macro   0x0000000000000e43       0x97 ./Core/Application/mav/uart/uart.o
 .debug_macro   0x0000000000000eda       0xfd ./Core/Application/mav/uart/uart.o
 .debug_macro   0x0000000000000fd7       0x16 ./Core/Application/mav/uart/uart.o
 .debug_macro   0x0000000000000fed      0x206 ./Core/Application/mav/utils/circular_buffer/circular_buffer.o
 .debug_macro   0x00000000000011f3      0x10e ./Core/Application/mav/utils/circular_buffer/circular_buffer.o
 .debug_macro   0x0000000000001301       0x8d ./Core/Application/mav/utils/circular_buffer/circular_buffer.o
 .debug_macro   0x000000000000138e      0x415 ./Core/Application/sensor/bno055/bno055.o
 .debug_macro   0x00000000000017a3      0x23d ./Core/Src/adc.o
 .debug_macro   0x00000000000019e0      0x23d ./Core/Src/can.o
 .debug_macro   0x0000000000001c1d      0x23d ./Core/Src/dma.o
 .debug_macro   0x0000000000001e5a      0x23d ./Core/Src/gpio.o
 .debug_macro   0x0000000000002097      0x23d ./Core/Src/i2c.o
 .debug_macro   0x00000000000022d4      0x418 ./Core/Src/main.o
 .debug_macro   0x00000000000026ec      0x23d ./Core/Src/spi.o
 .debug_macro   0x0000000000002929      0x233 ./Core/Src/stm32f4xx_hal_msp.o
 .debug_macro   0x0000000000002b5c      0x224 ./Core/Src/stm32f4xx_hal_timebase_tim.o
 .debug_macro   0x0000000000002d80      0x23d ./Core/Src/stm32f4xx_it.o
 .debug_macro   0x0000000000002fbd      0x224 ./Core/Src/system_stm32f4xx.o
 .debug_macro   0x00000000000031e1      0x23d ./Core/Src/tim.o
 .debug_macro   0x000000000000341e      0x23d ./Core/Src/usart.o
 .debug_macro   0x000000000000365b      0x284 ./Drivers/STM32F4xx_HAL_Driver/Src/stm32f4xx_hal.o
 .debug_macro   0x00000000000038df      0x225 ./Drivers/STM32F4xx_HAL_Driver/Src/stm32f4xx_hal_adc.o
 .debug_macro   0x0000000000003b04      0x22c ./Drivers/STM32F4xx_HAL_Driver/Src/stm32f4xx_hal_can.o
 .debug_macro   0x0000000000003d30      0x224 ./Drivers/STM32F4xx_HAL_Driver/Src/stm32f4xx_hal_cortex.o
 .debug_macro   0x0000000000003f54      0x22a ./Drivers/STM32F4xx_HAL_Driver/Src/stm32f4xx_hal_dma.o
 .debug_macro   0x000000000000417e      0x22a ./Drivers/STM32F4xx_HAL_Driver/Src/stm32f4xx_hal_gpio.o
 .debug_macro   0x00000000000043a8      0x26b ./Drivers/STM32F4xx_HAL_Driver/Src/stm32f4xx_hal_i2c.o
 .debug_macro   0x0000000000004613      0x248 ./Drivers/STM32F4xx_HAL_Driver/Src/stm32f4xx_hal_rcc.o
 .debug_macro   0x000000000000485b      0x233 ./Drivers/STM32F4xx_HAL_Driver/Src/stm32f4xx_hal_spi.o
 .debug_macro   0x0000000000004a8e      0x225 ./Drivers/STM32F4xx_HAL_Driver/Src/stm32f4xx_hal_tim.o
 .debug_macro   0x0000000000004cb3      0x224 ./Drivers/STM32F4xx_HAL_Driver/Src/stm32f4xx_hal_tim_ex.o
 .debug_macro   0x0000000000004ed7      0x225 ./Drivers/STM32F4xx_HAL_Driver/Src/stm32f4xx_hal_uart.o

.debug_line     0x0000000000000000    0x1e9e5
 .debug_line    0x0000000000000000      0x8cc ./Core/Application/lcd/fonts.o
 .debug_line    0x00000000000008cc     0x112e ./Core/Application/lcd/ssd1306.o
 .debug_line    0x00000000000019fa      0xd5a ./Core/Application/mav/uart/uart.o
 .debug_line    0x0000000000002754      0x71c ./Core/Application/mav/utils/circular_buffer/circular_buffer.o
 .debug_line    0x0000000000002e70     0x1104 ./Core/Application/sensor/bno055/bno055.o
 .debug_line    0x0000000000003f74      0x7dd ./Core/Src/adc.o
 .debug_line    0x0000000000004751      0x7cd ./Core/Src/can.o
 .debug_line    0x0000000000004f1e      0x770 ./Core/Src/dma.o
 .debug_line    0x000000000000568e      0x7b3 ./Core/Src/gpio.o
 .debug_line    0x0000000000005e41      0x7c8 ./Core/Src/i2c.o
 .debug_line    0x0000000000006609      0xc8e ./Core/Src/main.o
 .debug_line    0x0000000000007297      0x7cf ./Core/Src/spi.o
 .debug_line    0x0000000000007a66      0x75d ./Core/Src/stm32f4xx_hal_msp.o
 .debug_line    0x00000000000081c3      0x7d7 ./Core/Src/stm32f4xx_hal_timebase_tim.o
 .debug_line    0x000000000000899a      0x9e3 ./Core/Src/stm32f4xx_it.o
 .debug_line    0x000000000000937d      0x7df ./Core/Src/system_stm32f4xx.o
 .debug_line    0x0000000000009b5c      0xa2a ./Core/Src/tim.o
 .debug_line    0x000000000000a586      0xbe3 ./Core/Src/usart.o
 .debug_line    0x000000000000b169       0x88 ./Core/Startup/startup_stm32f405rgtx.o
 .debug_line    0x000000000000b1f1      0xa45 ./Drivers/STM32F4xx_HAL_Driver/Src/stm32f4xx_hal.o
 .debug_line    0x000000000000bc36     0x12bb ./Drivers/STM32F4xx_HAL_Driver/Src/stm32f4xx_hal_adc.o
 .debug_line    0x000000000000cef1     0x11b1 ./Drivers/STM32F4xx_HAL_Driver/Src/stm32f4xx_hal_can.o
 .debug_line    0x000000000000e0a2      0xcf4 ./Drivers/STM32F4xx_HAL_Driver/Src/stm32f4xx_hal_cortex.o
 .debug_line    0x000000000000ed96      0xfa9 ./Drivers/STM32F4xx_HAL_Driver/Src/stm32f4xx_hal_dma.o
 .debug_line    0x000000000000fd3f      0xbb9 ./Drivers/STM32F4xx_HAL_Driver/Src/stm32f4xx_hal_gpio.o
 .debug_line    0x00000000000108f8     0x39fa ./Drivers/STM32F4xx_HAL_Driver/Src/stm32f4xx_hal_i2c.o
 .debug_line    0x00000000000142f2      0xdbf ./Drivers/STM32F4xx_HAL_Driver/Src/stm32f4xx_hal_rcc.o
 .debug_line    0x00000000000150b1     0x1ccf ./Drivers/STM32F4xx_HAL_Driver/Src/stm32f4xx_hal_spi.o
 .debug_line    0x0000000000016d80     0x3739 ./Drivers/STM32F4xx_HAL_Driver/Src/stm32f4xx_hal_tim.o
 .debug_line    0x000000000001a4b9     0x1a42 ./Drivers/STM32F4xx_HAL_Driver/Src/stm32f4xx_hal_tim_ex.o
 .debug_line    0x000000000001befb     0x2aea ./Drivers/STM32F4xx_HAL_Driver/Src/stm32f4xx_hal_uart.o

.debug_str      0x0000000000000000    0xd6309
 .debug_str     0x0000000000000000    0xccad2 ./Core/Application/lcd/fonts.o
                                      0xccd77 (size before relaxing)
 .debug_str     0x00000000000ccad2     0x1bd8 ./Core/Application/lcd/ssd1306.o
                                      0xce93c (size before relaxing)
 .debug_str     0x00000000000ce6aa     0x14c3 ./Core/Application/mav/uart/uart.o
                                      0xcf4da (size before relaxing)
 .debug_str     0x00000000000cfb6d       0x5a ./Core/Application/mav/utils/circular_buffer/circular_buffer.o
                                       0x7e6c (size before relaxing)
 .debug_str     0x00000000000cfbc7      0xfc9 ./Core/Application/sensor/bno055/bno055.o
                                      0xcf2be (size before relaxing)
 .debug_str     0x00000000000d0b90      0x34e ./Core/Src/adc.o
                                      0xcad9f (size before relaxing)
 .debug_str     0x00000000000d0ede      0x259 ./Core/Src/can.o
                                      0xcabef (size before relaxing)
 .debug_str     0x00000000000d1137      0x500 ./Core/Src/dma.o
                                      0xcad5e (size before relaxing)
 .debug_str     0x00000000000d1637       0x20 ./Core/Src/gpio.o
                                      0xca93f (size before relaxing)
 .debug_str     0x00000000000d1657       0x58 ./Core/Src/i2c.o
                                      0xcae5c (size before relaxing)
 .debug_str     0x00000000000d16af      0x543 ./Core/Src/main.o
                                      0xcf59b (size before relaxing)
 .debug_str     0x00000000000d1bf2      0x1c1 ./Core/Src/spi.o
                                      0xcadb9 (size before relaxing)
 .debug_str     0x00000000000d1db3       0x2c ./Core/Src/stm32f4xx_hal_msp.o
                                      0xca862 (size before relaxing)
 .debug_str     0x00000000000d1ddf      0x107 ./Core/Src/stm32f4xx_hal_timebase_tim.o
                                      0xcab1c (size before relaxing)
 .debug_str     0x00000000000d1ee6      0x356 ./Core/Src/stm32f4xx_it.o
                                      0xcb1c0 (size before relaxing)
 .debug_str     0x00000000000d223c       0xdb ./Core/Src/system_stm32f4xx.o
                                      0xca046 (size before relaxing)
 .debug_str     0x00000000000d2317      0x287 ./Core/Src/tim.o
                                      0xcb141 (size before relaxing)
 .debug_str     0x00000000000d259e       0x70 ./Core/Src/usart.o
                                      0xcb41c (size before relaxing)
 .debug_str     0x00000000000d260e       0x36 ./Core/Startup/startup_stm32f405rgtx.o
                                         0x56 (size before relaxing)
 .debug_str     0x00000000000d2644      0x5bf ./Drivers/STM32F4xx_HAL_Driver/Src/stm32f4xx_hal.o
                                      0xcaba9 (size before relaxing)
 .debug_str     0x00000000000d2c03      0x2d0 ./Drivers/STM32F4xx_HAL_Driver/Src/stm32f4xx_hal_adc.o
                                      0xca633 (size before relaxing)
 .debug_str     0x00000000000d2ed3      0x565 ./Drivers/STM32F4xx_HAL_Driver/Src/stm32f4xx_hal_can.o
                                      0xca732 (size before relaxing)
 .debug_str     0x00000000000d3438      0x326 ./Drivers/STM32F4xx_HAL_Driver/Src/stm32f4xx_hal_cortex.o
                                      0xca8dc (size before relaxing)
 .debug_str     0x00000000000d375e      0x2c7 ./Drivers/STM32F4xx_HAL_Driver/Src/stm32f4xx_hal_dma.o
                                      0xca460 (size before relaxing)
 .debug_str     0x00000000000d3a25      0x109 ./Drivers/STM32F4xx_HAL_Driver/Src/stm32f4xx_hal_gpio.o
                                      0xca1c1 (size before relaxing)
 .debug_str     0x00000000000d3b2e      0xa55 ./Drivers/STM32F4xx_HAL_Driver/Src/stm32f4xx_hal_i2c.o
                                      0xcb011 (size before relaxing)
 .debug_str     0x00000000000d4583      0x1f2 ./Drivers/STM32F4xx_HAL_Driver/Src/stm32f4xx_hal_rcc.o
                                      0xca47a (size before relaxing)
 .debug_str     0x00000000000d4775      0x54d ./Drivers/STM32F4xx_HAL_Driver/Src/stm32f4xx_hal_spi.o
                                      0xca90a (size before relaxing)
 .debug_str     0x00000000000d4cc2      0xd0f ./Drivers/STM32F4xx_HAL_Driver/Src/stm32f4xx_hal_tim.o
                                      0xcb3c0 (size before relaxing)
 .debug_str     0x00000000000d59d1      0x3e1 ./Drivers/STM32F4xx_HAL_Driver/Src/stm32f4xx_hal_tim_ex.o
                                      0xcabdc (size before relaxing)
 .debug_str     0x00000000000d5db2      0x557 ./Drivers/STM32F4xx_HAL_Driver/Src/stm32f4xx_hal_uart.o
                                      0xcaa19 (size before relaxing)

.comment        0x0000000000000000       0x50
 .comment       0x0000000000000000       0x50 ./Core/Application/lcd/fonts.o
                                         0x51 (size before relaxing)
 .comment       0x0000000000000050       0x51 ./Core/Application/lcd/ssd1306.o
 .comment       0x0000000000000050       0x51 ./Core/Application/mav/uart/uart.o
 .comment       0x0000000000000050       0x51 ./Core/Application/mav/utils/circular_buffer/circular_buffer.o
 .comment       0x0000000000000050       0x51 ./Core/Application/sensor/bno055/bno055.o
 .comment       0x0000000000000050       0x51 ./Core/Src/adc.o
 .comment       0x0000000000000050       0x51 ./Core/Src/can.o
 .comment       0x0000000000000050       0x51 ./Core/Src/dma.o
 .comment       0x0000000000000050       0x51 ./Core/Src/gpio.o
 .comment       0x0000000000000050       0x51 ./Core/Src/i2c.o
 .comment       0x0000000000000050       0x51 ./Core/Src/main.o
 .comment       0x0000000000000050       0x51 ./Core/Src/spi.o
 .comment       0x0000000000000050       0x51 ./Core/Src/stm32f4xx_hal_msp.o
 .comment       0x0000000000000050       0x51 ./Core/Src/stm32f4xx_hal_timebase_tim.o
 .comment       0x0000000000000050       0x51 ./Core/Src/stm32f4xx_it.o
 .comment       0x0000000000000050       0x51 ./Core/Src/system_stm32f4xx.o
 .comment       0x0000000000000050       0x51 ./Core/Src/tim.o
 .comment       0x0000000000000050       0x51 ./Core/Src/usart.o
 .comment       0x0000000000000050       0x51 ./Drivers/STM32F4xx_HAL_Driver/Src/stm32f4xx_hal.o
 .comment       0x0000000000000050       0x51 ./Drivers/STM32F4xx_HAL_Driver/Src/stm32f4xx_hal_adc.o
 .comment       0x0000000000000050       0x51 ./Drivers/STM32F4xx_HAL_Driver/Src/stm32f4xx_hal_can.o
 .comment       0x0000000000000050       0x51 ./Drivers/STM32F4xx_HAL_Driver/Src/stm32f4xx_hal_cortex.o
 .comment       0x0000000000000050       0x51 ./Drivers/STM32F4xx_HAL_Driver/Src/stm32f4xx_hal_dma.o
 .comment       0x0000000000000050       0x51 ./Drivers/STM32F4xx_HAL_Driver/Src/stm32f4xx_hal_gpio.o
 .comment       0x0000000000000050       0x51 ./Drivers/STM32F4xx_HAL_Driver/Src/stm32f4xx_hal_i2c.o
 .comment       0x0000000000000050       0x51 ./Drivers/STM32F4xx_HAL_Driver/Src/stm32f4xx_hal_rcc.o
 .comment       0x0000000000000050       0x51 ./Drivers/STM32F4xx_HAL_Driver/Src/stm32f4xx_hal_spi.o
 .comment       0x0000000000000050       0x51 ./Drivers/STM32F4xx_HAL_Driver/Src/stm32f4xx_hal_tim.o
 .comment       0x0000000000000050       0x51 ./Drivers/STM32F4xx_HAL_Driver/Src/stm32f4xx_hal_tim_ex.o
 .comment       0x0000000000000050       0x51 ./Drivers/STM32F4xx_HAL_Driver/Src/stm32f4xx_hal_uart.o

.debug_frame    0x0000000000000000     0x61bc
 .debug_frame   0x0000000000000000       0x38 ./Core/Application/lcd/fonts.o
 .debug_frame   0x0000000000000038      0x414 ./Core/Application/lcd/ssd1306.o
 .debug_frame   0x000000000000044c      0x234 ./Core/Application/mav/uart/uart.o
 .debug_frame   0x0000000000000680      0x11c ./Core/Application/mav/utils/circular_buffer/circular_buffer.o
 .debug_frame   0x000000000000079c      0x304 ./Core/Application/sensor/bno055/bno055.o
 .debug_frame   0x0000000000000aa0       0x7c ./Core/Src/adc.o
 .debug_frame   0x0000000000000b1c       0x74 ./Core/Src/can.o
 .debug_frame   0x0000000000000b90       0x34 ./Core/Src/dma.o
 .debug_frame   0x0000000000000bc4       0x34 ./Core/Src/gpio.o
 .debug_frame   0x0000000000000bf8       0x7c ./Core/Src/i2c.o
 .debug_frame   0x0000000000000c74       0x90 ./Core/Src/main.o
 .debug_frame   0x0000000000000d04       0x74 ./Core/Src/spi.o
 .debug_frame   0x0000000000000d78       0x38 ./Core/Src/stm32f4xx_hal_msp.o
 .debug_frame   0x0000000000000db0       0x74 ./Core/Src/stm32f4xx_hal_timebase_tim.o
 .debug_frame   0x0000000000000e24      0x31c ./Core/Src/stm32f4xx_it.o
 .debug_frame   0x0000000000001140       0x58 ./Core/Src/system_stm32f4xx.o
 .debug_frame   0x0000000000001198      0x114 ./Core/Src/tim.o
 .debug_frame   0x00000000000012ac      0x104 ./Core/Src/usart.o
 .debug_frame   0x00000000000013b0      0x374 ./Drivers/STM32F4xx_HAL_Driver/Src/stm32f4xx_hal.o
 .debug_frame   0x0000000000001724      0x3fc ./Drivers/STM32F4xx_HAL_Driver/Src/stm32f4xx_hal_adc.o
 .debug_frame   0x0000000000001b20      0x5a0 ./Drivers/STM32F4xx_HAL_Driver/Src/stm32f4xx_hal_can.o
 .debug_frame   0x00000000000020c0      0x498 ./Drivers/STM32F4xx_HAL_Driver/Src/stm32f4xx_hal_cortex.o
 .debug_frame   0x0000000000002558      0x250 ./Drivers/STM32F4xx_HAL_Driver/Src/stm32f4xx_hal_dma.o
 .debug_frame   0x00000000000027a8      0x14c ./Drivers/STM32F4xx_HAL_Driver/Src/stm32f4xx_hal_gpio.o
 .debug_frame   0x00000000000028f4      0xc5c ./Drivers/STM32F4xx_HAL_Driver/Src/stm32f4xx_hal_i2c.o
 .debug_frame   0x0000000000003550      0x1f4 ./Drivers/STM32F4xx_HAL_Driver/Src/stm32f4xx_hal_rcc.o
 .debug_frame   0x0000000000003744      0x824 ./Drivers/STM32F4xx_HAL_Driver/Src/stm32f4xx_hal_spi.o
 .debug_frame   0x0000000000003f68     0x11c4 ./Drivers/STM32F4xx_HAL_Driver/Src/stm32f4xx_hal_tim.o
 .debug_frame   0x000000000000512c      0x638 ./Drivers/STM32F4xx_HAL_Driver/Src/stm32f4xx_hal_tim_ex.o
 .debug_frame   0x0000000000005764      0x92c ./Drivers/STM32F4xx_HAL_Driver/Src/stm32f4xx_hal_uart.o
 .debug_frame   0x0000000000006090       0x2c c:/st/stm32cubeide_1.7.0/stm32cubeide/plugins/com.st.stm32cube.ide.mcu.externaltools.gnu-tools-for-stm32.10.3-2021.10.win32_1.0.0.202111181127/tools/bin/../lib/gcc/arm-none-eabi/10.3.1/../../../../arm-none-eabi/lib/thumb/v7e-m+fp/hard\libc_nano.a(lib_a-init.o)
 .debug_frame   0x00000000000060bc       0x38 c:/st/stm32cubeide_1.7.0/stm32cubeide/plugins/com.st.stm32cube.ide.mcu.externaltools.gnu-tools-for-stm32.10.3-2021.10.win32_1.0.0.202111181127/tools/bin/../lib/gcc/arm-none-eabi/10.3.1/../../../../arm-none-eabi/lib/thumb/v7e-m+fp/hard\libc_nano.a(lib_a-itoa.o)
 .debug_frame   0x00000000000060f4       0x20 c:/st/stm32cubeide_1.7.0/stm32cubeide/plugins/com.st.stm32cube.ide.mcu.externaltools.gnu-tools-for-stm32.10.3-2021.10.win32_1.0.0.202111181127/tools/bin/../lib/gcc/arm-none-eabi/10.3.1/../../../../arm-none-eabi/lib/thumb/v7e-m+fp/hard\libc_nano.a(lib_a-memset.o)
 .debug_frame   0x0000000000006114       0x48 c:/st/stm32cubeide_1.7.0/stm32cubeide/plugins/com.st.stm32cube.ide.mcu.externaltools.gnu-tools-for-stm32.10.3-2021.10.win32_1.0.0.202111181127/tools/bin/../lib/gcc/arm-none-eabi/10.3.1/../../../../arm-none-eabi/lib/thumb/v7e-m+fp/hard\libc_nano.a(lib_a-utoa.o)
 .debug_frame   0x000000000000615c       0x2c c:/st/stm32cubeide_1.7.0/stm32cubeide/plugins/com.st.stm32cube.ide.mcu.externaltools.gnu-tools-for-stm32.10.3-2021.10.win32_1.0.0.202111181127/tools/bin/../lib/gcc/arm-none-eabi/10.3.1/thumb/v7e-m+fp/hard\libgcc.a(_aeabi_uldivmod.o)
 .debug_frame   0x0000000000006188       0x34 c:/st/stm32cubeide_1.7.0/stm32cubeide/plugins/com.st.stm32cube.ide.mcu.externaltools.gnu-tools-for-stm32.10.3-2021.10.win32_1.0.0.202111181127/tools/bin/../lib/gcc/arm-none-eabi/10.3.1/thumb/v7e-m+fp/hard\libgcc.a(_udivmoddi4.o)